Component: ARM Compiler 5.06 update 4 (build 422) Tool: armlink [4d35d2]

==============================================================================

Section Cross References

    system_stm32f10x.o(i.SystemCoreClockUpdate) refers to system_stm32f10x.o(.data) for .data
    system_stm32f10x.o(i.SystemInit) refers to system_stm32f10x.o(i.SetSysClockTo72) for SetSysClockTo72
    startup_stm32f10x_md.o(STACK) refers (Special) to heapauxi.o(.text) for __use_two_region_memory
    startup_stm32f10x_md.o(HEAP) refers (Special) to heapauxi.o(.text) for __use_two_region_memory
    startup_stm32f10x_md.o(RESET) refers (Special) to heapauxi.o(.text) for __use_two_region_memory
    startup_stm32f10x_md.o(RESET) refers to startup_stm32f10x_md.o(STACK) for __initial_sp
    startup_stm32f10x_md.o(RESET) refers to startup_stm32f10x_md.o(.text) for Reset_Handler
    startup_stm32f10x_md.o(RESET) refers to stm32f10x_it.o(i.NMI_Handler) for NMI_Handler
    startup_stm32f10x_md.o(RESET) refers to stm32f10x_it.o(i.HardFault_Handler) for HardFault_Handler
    startup_stm32f10x_md.o(RESET) refers to stm32f10x_it.o(i.MemManage_Handler) for MemManage_Handler
    startup_stm32f10x_md.o(RESET) refers to stm32f10x_it.o(i.BusFault_Handler) for BusFault_Handler
    startup_stm32f10x_md.o(RESET) refers to stm32f10x_it.o(i.UsageFault_Handler) for UsageFault_Handler
    startup_stm32f10x_md.o(RESET) refers to stm32f10x_it.o(i.SVC_Handler) for SVC_Handler
    startup_stm32f10x_md.o(RESET) refers to stm32f10x_it.o(i.DebugMon_Handler) for DebugMon_Handler
    startup_stm32f10x_md.o(RESET) refers to stm32f10x_it.o(i.PendSV_Handler) for PendSV_Handler
    startup_stm32f10x_md.o(RESET) refers to stm32f10x_it.o(i.SysTick_Handler) for SysTick_Handler
    startup_stm32f10x_md.o(RESET) refers to rtc_ctrl.o(i.RTC_IRQHandler) for RTC_IRQHandler
    startup_stm32f10x_md.o(RESET) refers to adc.o(i.ADC1_2_IRQHandler) for ADC1_2_IRQHandler
    startup_stm32f10x_md.o(RESET) refers to tim3.o(i.TIM3_IRQHandler) for TIM3_IRQHandler
    startup_stm32f10x_md.o(RESET) refers to usart.o(i.USART1_IRQHandler) for USART1_IRQHandler
    startup_stm32f10x_md.o(.text) refers (Special) to heapauxi.o(.text) for __use_two_region_memory
    startup_stm32f10x_md.o(.text) refers to system_stm32f10x.o(i.SystemInit) for SystemInit
    startup_stm32f10x_md.o(.text) refers to __main.o(!!!main) for __main
    startup_stm32f10x_md.o(.text) refers to startup_stm32f10x_md.o(HEAP) for Heap_Mem
    startup_stm32f10x_md.o(.text) refers to startup_stm32f10x_md.o(STACK) for Stack_Mem
    delay.o(i.delay_init) refers to misc.o(i.SysTick_CLKSourceConfig) for SysTick_CLKSourceConfig
    delay.o(i.delay_init) refers to delay.o(.data) for .data
    delay.o(i.delay_ms) refers to delay.o(.data) for .data
    delay.o(i.delay_us) refers to delay.o(.data) for .data
    sys.o(i.NVIC_Configuration) refers to misc.o(i.NVIC_PriorityGroupConfig) for NVIC_PriorityGroupConfig
    usart.o(i.USART1_IRQHandler) refers (Special) to use_no_semi_2.o(.text) for __use_no_semihosting
    usart.o(i.USART1_IRQHandler) refers to usart.o(.data) for .data
    usart.o(i.USART1_IRQHandler) refers to usart.o(.bss) for .bss
    usart.o(i.Uart1_Init) refers (Special) to use_no_semi_2.o(.text) for __use_no_semihosting
    usart.o(i.Uart1_Init) refers to stm32f10x_rcc.o(i.RCC_APB2PeriphClockCmd) for RCC_APB2PeriphClockCmd
    usart.o(i.Uart1_Init) refers to stm32f10x_gpio.o(i.GPIO_Init) for GPIO_Init
    usart.o(i.Uart1_Init) refers to stm32f10x_usart.o(i.USART_Init) for USART_Init
    usart.o(i.Uart1_Init) refers to stm32f10x_usart.o(i.USART_ClockInit) for USART_ClockInit
    usart.o(i.Uart1_Init) refers to misc.o(i.NVIC_Init) for NVIC_Init
    usart.o(i.Uart1_Init) refers to stm32f10x_usart.o(i.USART_ITConfig) for USART_ITConfig
    usart.o(i.Uart1_Init) refers to stm32f10x_usart.o(i.USART_Cmd) for USART_Cmd
    usart.o(i.Uart1_Send_Buf) refers (Special) to use_no_semi_2.o(.text) for __use_no_semihosting
    usart.o(i.Uart1_Send_Buf) refers to stm32f10x_usart.o(i.USART_ITConfig) for USART_ITConfig
    usart.o(i.Uart1_Send_Buf) refers to usart.o(.bss) for .bss
    usart.o(i.Uart1_Send_Buf) refers to usart.o(.data) for .data
    usart.o(i.Uart1_Send_Char) refers (Special) to use_no_semi_2.o(.text) for __use_no_semihosting
    usart.o(i.Uart1_Send_Char) refers to stm32f10x_usart.o(i.USART_ITConfig) for USART_ITConfig
    usart.o(i.Uart1_Send_Char) refers to usart.o(.bss) for .bss
    usart.o(i.Uart1_Send_Char) refers to usart.o(.data) for .data
    usart.o(i.Uart1_Send_Float) refers (Special) to use_no_semi_2.o(.text) for __use_no_semihosting
    usart.o(i.Uart1_Send_Float) refers to stm32f10x_usart.o(i.USART_ITConfig) for USART_ITConfig
    usart.o(i.Uart1_Send_Float) refers to usart.o(.data) for .data
    usart.o(i.Uart1_Send_Float) refers to usart.o(.bss) for .bss
    usart.o(i.Uart1_Send_Int16) refers (Special) to use_no_semi_2.o(.text) for __use_no_semihosting
[...]
    Removing stm32f10x_tim.o(i.TIM_SelectOCxM), (70 bytes).
    Removing stm32f10x_tim.o(i.TIM_SelectOnePulseMode), (16 bytes).
    Removing stm32f10x_tim.o(i.TIM_SelectOutputTrigger), (16 bytes).
    Removing stm32f10x_tim.o(i.TIM_SelectSlaveMode), (16 bytes).
    Removing stm32f10x_tim.o(i.TIM_SetAutoreload), (4 bytes).
    Removing stm32f10x_tim.o(i.TIM_SetClockDivision), (16 bytes).
    Removing stm32f10x_tim.o(i.TIM_SetCompare1), (4 bytes).
    Removing stm32f10x_tim.o(i.TIM_SetCompare2), (4 bytes).
    Removing stm32f10x_tim.o(i.TIM_SetCompare3), (4 bytes).
    Removing stm32f10x_tim.o(i.TIM_SetCompare4), (6 bytes).
    Removing stm32f10x_tim.o(i.TIM_SetCounter), (4 bytes).
    Removing stm32f10x_tim.o(i.TIM_SetIC1Prescaler), (16 bytes).
    Removing stm32f10x_tim.o(i.TIM_SetIC2Prescaler), (24 bytes).
    Removing stm32f10x_tim.o(i.TIM_SetIC3Prescaler), (16 bytes).
    Removing stm32f10x_tim.o(i.TIM_SetIC4Prescaler), (24 bytes).
    Removing stm32f10x_tim.o(i.TIM_TIxExternalClockConfig), (46 bytes).
    Removing stm32f10x_tim.o(i.TIM_TimeBaseStructInit), (18 bytes).
    Removing stm32f10x_tim.o(i.TIM_UpdateDisableConfig), (20 bytes).
    Removing stm32f10x_tim.o(i.TIM_UpdateRequestConfig), (20 bytes).
    Removing stm32f10x_usart.o(i.USART_ClearFlag), (6 bytes).
    Removing stm32f10x_usart.o(i.USART_ClearITPendingBit), (12 bytes).
    Removing stm32f10x_usart.o(i.USART_ClockStructInit), (12 bytes).
    Removing stm32f10x_usart.o(i.USART_DMACmd), (16 bytes).
    Removing stm32f10x_usart.o(i.USART_DeInit), (116 bytes).
    Removing stm32f10x_usart.o(i.USART_GetFlagStatus), (14 bytes).
    Removing stm32f10x_usart.o(i.USART_GetITStatus), (62 bytes).
    Removing stm32f10x_usart.o(i.USART_HalfDuplexCmd), (20 bytes).
    Removing stm32f10x_usart.o(i.USART_IrDACmd), (20 bytes).
    Removing stm32f10x_usart.o(i.USART_IrDAConfig), (16 bytes).
    Removing stm32f10x_usart.o(i.USART_LINBreakDetectLengthConfig), (16 bytes).
    Removing stm32f10x_usart.o(i.USART_LINCmd), (20 bytes).
    Removing stm32f10x_usart.o(i.USART_OneBitMethodCmd), (20 bytes).
    Removing stm32f10x_usart.o(i.USART_OverSampling8Cmd), (20 bytes).
    Removing stm32f10x_usart.o(i.USART_ReceiveData), (8 bytes).
    Removing stm32f10x_usart.o(i.USART_ReceiverWakeUpCmd), (20 bytes).
    Removing stm32f10x_usart.o(i.USART_SendBreak), (10 bytes).
    Removing stm32f10x_usart.o(i.USART_SendData), (8 bytes).
    Removing stm32f10x_usart.o(i.USART_SetAddress), (16 bytes).
    Removing stm32f10x_usart.o(i.USART_SetGuardTime), (16 bytes).
    Removing stm32f10x_usart.o(i.USART_SetPrescaler), (16 bytes).
    Removing stm32f10x_usart.o(i.USART_SmartCardCmd), (20 bytes).
    Removing stm32f10x_usart.o(i.USART_SmartCardNACKCmd), (20 bytes).
    Removing stm32f10x_usart.o(i.USART_StructInit), (22 bytes).
    Removing stm32f10x_usart.o(i.USART_WakeUpConfig), (16 bytes).
    Removing stm32f10x_adc.o(i.ADC_AutoInjectedConvCmd), (20 bytes).
    Removing stm32f10x_adc.o(i.ADC_ClearFlag), (6 bytes).
    Removing stm32f10x_adc.o(i.ADC_DeInit), (68 bytes).
    Removing stm32f10x_adc.o(i.ADC_DiscModeChannelCountConfig), (16 bytes).
    Removing stm32f10x_adc.o(i.ADC_DiscModeCmd), (20 bytes).
    Removing stm32f10x_adc.o(i.ADC_ExternalTrigConvCmd), (20 bytes).
    Removing stm32f10x_adc.o(i.ADC_ExternalTrigInjectedConvCmd), (20 bytes).
    Removing stm32f10x_adc.o(i.ADC_ExternalTrigInjectedConvConfig), (12 bytes).
    Removing stm32f10x_adc.o(i.ADC_GetConversionValue), (6 bytes).
    Removing stm32f10x_adc.o(i.ADC_GetDualModeConversionValue), (12 bytes).
    Removing stm32f10x_adc.o(i.ADC_GetFlagStatus), (14 bytes).
    Removing stm32f10x_adc.o(i.ADC_GetInjectedConversionValue), (14 bytes).
    Removing stm32f10x_adc.o(i.ADC_GetSoftwareStartConvStatus), (14 bytes).
    Removing stm32f10x_adc.o(i.ADC_GetSoftwareStartInjectedConvCmdStatus), (14 bytes).
    Removing stm32f10x_adc.o(i.ADC_InjectedChannelConfig), (74 bytes).
    Removing stm32f10x_adc.o(i.ADC_InjectedDiscModeCmd), (20 bytes).
    Removing stm32f10x_adc.o(i.ADC_InjectedSequencerLengthConfig), (16 bytes).
    Removing stm32f10x_adc.o(i.ADC_SetInjectedOffset), (10 bytes).
    Removing stm32f10x_adc.o(i.ADC_SoftwareStartInjectedConvCmd), (20 bytes).
    Removing stm32f10x_adc.o(i.ADC_StructInit), (18 bytes).
    Removing stm32f10x_adc.o(i.ADC_TempSensorVrefintCmd), (28 bytes).
    Removing stm32f10x_dma.o(i.DMA_ClearFlag), (24 bytes).
    Removing stm32f10x_dma.o(i.DMA_ClearITPendingBit), (24 bytes).
    Removing stm32f10x_dma.o(i.DMA_GetCurrDataCounter), (6 bytes).
    Removing stm32f10x_dma.o(i.DMA_GetFlagStatus), (32 bytes).
    Removing stm32f10x_dma.o(i.DMA_GetITStatus), (32 bytes).
    Removing stm32f10x_dma.o(i.DMA_ITConfig), (16 bytes).
    Removing stm32f10x_dma.o(i.DMA_SetCurrDataCounter), (4 bytes).
    Removing stm32f10x_dma.o(i.DMA_StructInit), (26 bytes).
    Removing stm32f10x_rtc.o(i.RTC_ClearFlag), (16 bytes).
    Removing stm32f10x_rtc.o(i.RTC_GetDivider), (24 bytes).
    Removing stm32f10x_rtc.o(i.RTC_GetFlagStatus), (20 bytes).
    Removing stm32f10x_rtc.o(i.RTC_SetAlarm), (32 bytes).
    Removing stm32f10x_bkp.o(i.BKP_ClearFlag), (16 bytes).
    Removing stm32f10x_bkp.o(i.BKP_ClearITPendingBit), (16 bytes).
    Removing stm32f10x_bkp.o(i.BKP_GetFlagStatus), (12 bytes).
    Removing stm32f10x_bkp.o(i.BKP_GetITStatus), (12 bytes).
    Removing stm32f10x_bkp.o(i.BKP_ITConfig), (12 bytes).
    Removing stm32f10x_bkp.o(i.BKP_RTCOutputConfig), (20 bytes).
    Removing stm32f10x_bkp.o(i.BKP_SetRTCCalibrationValue), (20 bytes).
    Removing stm32f10x_bkp.o(i.BKP_TamperPinCmd), (12 bytes).
    Removing stm32f10x_bkp.o(i.BKP_TamperPinLevelConfig), (12 bytes).
    Removing stm32f10x_pwr.o(i.PWR_ClearFlag), (16 bytes).
    Removing stm32f10x_pwr.o(i.PWR_DeInit), (24 bytes).
    Removing stm32f10x_pwr.o(i.PWR_EnterSTANDBYMode), (40 bytes).
    Removing stm32f10x_pwr.o(i.PWR_EnterSTOPMode), (52 bytes).
    Removing stm32f10x_pwr.o(i.PWR_GetFlagStatus), (20 bytes).
    Removing stm32f10x_pwr.o(i.PWR_PVDCmd), (12 bytes).
    Removing stm32f10x_pwr.o(i.PWR_PVDLevelConfig), (20 bytes).
    Removing stm32f10x_pwr.o(i.PWR_WakeUpPinCmd), (12 bytes).
    Removing oled.o(i.OLED_CP_Demo), (56 bytes).
    Removing oled.o(i.OLED_DiplayOff), (24 bytes).
    Removing oled.o(i.OLED_DiplayOn), (24 bytes).
    Removing oled.o(i.OLED_ShowHex), (44 bytes).
    Removing oled.o(i.OLED_ShowNum), (188 bytes).
    Removing tim3.o(.data), (1 bytes).
    Removing tim3.o(.data), (1 bytes).
    Removing tim3.o(.data), (1 bytes).
    Removing tim3.o(.data), (1 bytes).
    Removing tim3.o(.data), (2 bytes).
    Removing tim3.o(.data), (1 bytes).
    Removing adc.o(i.key_read), (344 bytes).

247 unused section(s) (total 7271 bytes) removed from the image.

==============================================================================

Image Symbol Table

    Local Symbols

    Symbol Name                              Value     Ov Type        Size  Object(Section)

    ../clib/angel/boardlib.s                 0x00000000   Number         0  boardinit1.o ABSOLUTE
    ../clib/angel/boardlib.s                 0x00000000   Number         0  boardinit3.o ABSOLUTE
    ../clib/angel/boardlib.s                 0x00000000   Number         0  boardshut.o ABSOLUTE
    ../clib/angel/boardlib.s                 0x00000000   Number         0  boardinit2.o ABSOLUTE
    ../clib/angel/handlers.s                 0x00000000   Number         0  __scatter_zi.o ABSOLUTE
    ../clib/angel/handlers.s                 0x00000000   Number         0  __scatter_copy.o ABSOLUTE
    ../clib/angel/kernel.s                   0x00000000   Number         0  __rtentry2.o ABSOLUTE
    ../clib/angel/kernel.s                   0x00000000   Number         0  __rtentry4.o ABSOLUTE
    ../clib/angel/kernel.s                   0x00000000   Number         0  rtexit2.o ABSOLUTE
    ../clib/angel/kernel.s                   0x00000000   Number         0  rtexit.o ABSOLUTE
    ../clib/angel/kernel.s                   0x00000000   Number         0  __rtentry.o ABSOLUTE
    ../clib/angel/rt.s                       0x00000000   Number         0  rt_raise.o ABSOLUTE
    ../clib/angel/scatter.s                  0x00000000   Number         0  __scatter.o ABSOLUTE
    ../clib/angel/startup.s                  0x00000000   Number         0  __main.o ABSOLUTE
    ../clib/angel/sys.s                      0x00000000   Number         0  indicate_semi.o ABSOLUTE
    ../clib/angel/sys.s                      0x00000000   Number         0  sys_stackheap_outer.o ABSOLUTE
    ../clib/angel/sys.s                      0x00000000   Number         0  use_no_semi_2.o ABSOLUTE
    ../clib/angel/sys.s                      0x00000000   Number         0  libspace.o ABSOLUTE
    ../clib/angel/sys.s                      0x00000000   Number         0  use_no_semi.o ABSOLUTE
    ../clib/angel/sysapp.c                   0x00000000   Number         0  sys_wrch.o ABSOLUTE
    ../clib/angel/sysapp.c                   0x00000000   Number         0  sys_command.o ABSOLUTE
    ../clib/armsys.c                         0x00000000   Number         0  no_argv.o ABSOLUTE
    ../clib/armsys.c                         0x00000000   Number         0  _get_argv_nomalloc.o ABSOLUTE
    ../clib/armsys.c                         0x00000000   Number         0  argv_veneer.o ABSOLUTE
    ../clib/armsys.c                         0x00000000   Number         0  argv_veneer.o ABSOLUTE
    ../clib/heapalloc.c                      0x00000000   Number         0  hrguard.o ABSOLUTE
    ../clib/heapaux.c                        0x00000000   Number         0  heapauxi.o ABSOLUTE
    ../clib/libinit.s                        0x00000000   Number         0  libshutdown2.o ABSOLUTE
    ../clib/libinit.s                        0x00000000   Number         0  libshutdown.o ABSOLUTE
    ../clib/libinit.s                        0x00000000   Number         0  libinit.o ABSOLUTE
    ../clib/libinit.s                        0x00000000   Number         0  libinit2.o ABSOLUTE
    ../clib/misc.s                           0x00000000   Number         0  printf_stubs.o ABSOLUTE
    ../clib/printf.c                         0x00000000   Number         0  _printf_hex_int_ll_ptr.o ABSOLUTE
    ../clib/printf.c                         0x00000000   Number         0  __printf_flags.o ABSOLUTE
    ../clib/printf.c                         0x00000000   Number         0  __printf_ss.o ABSOLUTE
    ../clib/printf.c                         0x00000000   Number         0  __printf.o ABSOLUTE
    ../clib/printf.c                         0x00000000   Number         0  _printf_pad.o ABSOLUTE
    ../clib/printf.c                         0x00000000   Number         0  _printf_dec.o ABSOLUTE
    ../clib/printf.c                         0x00000000   Number         0  __2sprintf.o ABSOLUTE
    ../clib/printf.c                         0x00000000   Number         0  _printf_hex_ll.o ABSOLUTE
    ../clib/printf.c                         0x00000000   Number         0  _printf_hex_int.o ABSOLUTE
    ../clib/printf.c                         0x00000000   Number         0  _printf_hex_int_ll.o ABSOLUTE
    ../clib/printf.c                         0x00000000   Number         0  _printf_hex_int_ptr.o ABSOLUTE
    ../clib/printf.c                         0x00000000   Number         0  _printf_hex_ll_ptr.o ABSOLUTE
    ../clib/printf.c                         0x00000000   Number         0  _printf_intcommon.o ABSOLUTE
    ../clib/printf.c                         0x00000000   Number         0  _printf_char_common.o ABSOLUTE
    ../clib/printf.c                         0x00000000   Number         0  _sputc.o ABSOLUTE
    ../clib/printf.c                         0x00000000   Number         0  __printf_flags_ss.o ABSOLUTE
    ../clib/printf.c                         0x00000000   Number         0  __printf_wp.o ABSOLUTE
    ../clib/printf.c                         0x00000000   Number         0  _printf_hex_ptr.o ABSOLUTE
    ../clib/printf.c                         0x00000000   Number         0  __printf_flags_wp.o ABSOLUTE
    ../clib/printf.c                         0x00000000   Number         0  __printf_ss_wp.o ABSOLUTE
    ../clib/printf.c                         0x00000000   Number         0  __printf_nopercent.o ABSOLUTE
    ../clib/printf.c                         0x00000000   Number         0  __printf_flags_ss_wp.o ABSOLUTE
    ../clib/printf.c                         0x00000000   Number         0  noretval__2sprintf.o ABSOLUTE
    ../clib/printf_percent.s                 0x00000000   Number         0  _printf_percent.o ABSOLUTE
    ../clib/printf_percent.s                 0x00000000   Number         0  _printf_x.o ABSOLUTE
    ../clib/printf_percent.s                 0x00000000   Number         0  _printf_d.o ABSOLUTE
    ../clib/printf_percent.s                 0x00000000   Number         0  _printf_percent_end.o ABSOLUTE
    ../clib/signal.c                         0x00000000   Number         0  defsig_exit.o ABSOLUTE
    ../clib/signal.c                         0x00000000   Number         0  __raise.o ABSOLUTE
    ../clib/signal.c                         0x00000000   Number         0  defsig_cppl_inner.o ABSOLUTE
    ../clib/signal.c                         0x00000000   Number         0  defsig_rtmem_inner.o ABSOLUTE
    ../clib/signal.c                         0x00000000   Number         0  defsig_rtmem_outer.o ABSOLUTE
    ../clib/signal.c                         0x00000000   Number         0  defsig_rtmem_formal.o ABSOLUTE
    ../clib/signal.c                         0x00000000   Number         0  defsig_general.o ABSOLUTE
    ../clib/signal.c                         0x00000000   Number         0  defsig_abrt_inner.o ABSOLUTE
    ../clib/signal.c                         0x00000000   Number         0  defsig_fpe_inner.o ABSOLUTE
    ../clib/signal.c                         0x00000000   Number         0  defsig_rtred_inner.o ABSOLUTE
    ../clib/signal.c                         0x00000000   Number         0  defsig_stak_inner.o ABSOLUTE
    ../clib/signal.c                         0x00000000   Number         0  defsig_pvfn_inner.o ABSOLUTE
    ../clib/signal.c                         0x00000000   Number         0  defsig_segv_inner.o ABSOLUTE
    ../clib/signal.c                         0x00000000   Number         0  defsig_other.o ABSOLUTE
    ../clib/signal.s                         0x00000000   Number         0  defsig.o ABSOLUTE
    ../clib/stdlib.c                         0x00000000   Number         0  exit.o ABSOLUTE
    ../fplib/daddsub.s                       0x00000000   Number         0  daddsub_clz.o ABSOLUTE
    ../fplib/dcmpi.s                         0x00000000   Number         0  dcmpi.o ABSOLUTE
    ../fplib/dflt.s                          0x00000000   Number         0  dflt_clz.o ABSOLUTE
    ../fplib/dleqf.s                         0x00000000   Number         0  dleqf.o ABSOLUTE
    ../fplib/dnaninf.s                       0x00000000   Number         0  dnaninf.o ABSOLUTE
    ../fplib/dretinf.s                       0x00000000   Number         0  dretinf.o ABSOLUTE
    ../fplib/fpinit.s                        0x00000000   Number         0  fpinit.o ABSOLUTE
    ../fplib/usenofp.s                       0x00000000   Number         0  usenofp.o ABSOLUTE
    ..\Driver\adc.c                          0x00000000   Number         0  adc.o ABSOLUTE
    ..\Driver\oled.c                         0x00000000   Number         0  oled.o ABSOLUTE
    ..\Driver\rtc_ctrl.c                     0x00000000   Number         0  rtc_ctrl.o ABSOLUTE
    ..\Driver\tim3.c                         0x00000000   Number         0  tim3.o ABSOLUTE
    ..\System\Core\core_cm3.c                0x00000000   Number         0  core_cm3.o ABSOLUTE
    ..\System\Core\startup_stm32f10x_md.s    0x00000000   Number         0  startup_stm32f10x_md.o ABSOLUTE
    ..\System\Core\stm32f10x_it.c            0x00000000   Number         0  stm32f10x_it.o ABSOLUTE
    ..\System\Core\system_stm32f10x.c        0x00000000   Number         0  system_stm32f10x.o ABSOLUTE
    ..\System\Lib\src\misc.c                 0x00000000   Number         0  misc.o ABSOLUTE
    ..\System\Lib\src\stm32f10x_adc.c        0x00000000   Number         0  stm32f10x_adc.o ABSOLUTE
    ..\System\Lib\src\stm32f10x_bkp.c        0x00000000   Number         0  stm32f10x_bkp.o ABSOLUTE
    ..\System\Lib\src\stm32f10x_dma.c        0x00000000   Number         0  stm32f10x_dma.o ABSOLUTE
    ..\System\Lib\src\stm32f10x_exti.c       0x00000000   Number         0  stm32f10x_exti.o ABSOLUTE
    ..\System\Lib\src\stm32f10x_gpio.c       0x00000000   Number         0  stm32f10x_gpio.o ABSOLUTE
    ..\System\Lib\src\stm32f10x_pwr.c        0x00000000   Number         0  stm32f10x_pwr.o ABSOLUTE
    ..\System\Lib\src\stm32f10x_rcc.c        0x00000000   Number         0  stm32f10x_rcc.o ABSOLUTE
    ..\System\Lib\src\stm32f10x_rtc.c        0x00000000   Number         0  stm32f10x_rtc.o ABSOLUTE
    ..\System\Lib\src\stm32f10x_spi.c        0x00000000   Number         0  stm32f10x_spi.o ABSOLUTE
    ..\System\Lib\src\stm32f10x_tim.c        0x00000000   Number         0  stm32f10x_tim.o ABSOLUTE
    ..\System\Lib\src\stm32f10x_usart.c      0x00000000   Number         0  stm32f10x_usart.o ABSOLUTE
    ..\System\board.c                        0x00000000   Number         0  board.o ABSOLUTE
    ..\System\delay.c                        0x00000000   Number         0  delay.o ABSOLUTE
    ..\System\main.c                         0x00000000   Number         0  main.o ABSOLUTE
    ..\System\sys.c                          0x00000000   Number         0  sys.o ABSOLUTE
    ..\System\usart.c                        0x00000000   Number         0  usart.o ABSOLUTE
    ..\\System\\Core\\core_cm3.c             0x00000000   Number         0  core_cm3.o ABSOLUTE
    dc.s                                     0x00000000   Number         0  dc.o ABSOLUTE
    RESET                                    0x08000000   Section      236  startup_stm32f10x_md.o(RESET)
    !!!main                                  0x080000ec   Section        8  __main.o(!!!main)
    !!!scatter                               0x080000f4   Section       52  __scatter.o(!!!scatter)
    !!handler_copy                           0x08000128   Section       26  __scatter_copy.o(!!handler_copy)
    !!handler_zi                             0x08000144   Section       28  __scatter_zi.o(!!handler_zi)
    .ARM.Collect$$_printf_percent$$00000000  0x08000160   Section        0  _printf_percent.o(.ARM.Collect$$_printf_percent$$00000000)
    .ARM.Collect$$_printf_percent$$00000009  0x08000160   Section        6  _printf_d.o(.ARM.Collect$$_printf_percent$$00000009)
    .ARM.Collect$$_printf_percent$$00000017  0x08000166   Section        4  _printf_percent_end.o(.ARM.Collect$$_printf_percent$$00000017)
    .ARM.Collect$$libinit$$00000000          0x0800016a   Section        2  libinit.o(.ARM.Collect$$libinit$$00000000)
    .ARM.Collect$$libinit$$00000002          0x0800016c   Section        0  libinit2.o(.ARM.Collect$$libinit$$00000002)
    .ARM.Collect$$libinit$$00000004          0x0800016c   Section        0  libinit2.o(.ARM.Collect$$libinit$$00000004)
    .ARM.Collect$$libinit$$0000000A          0x0800016c   Section        0  libinit2.o(.ARM.Collect$$libinit$$0000000A)
    .ARM.Collect$$libinit$$0000000C          0x0800016c   Section        0  libinit2.o(.ARM.Collect$$libinit$$0000000C)
    .ARM.Collect$$libinit$$0000000E          0x0800016c   Section        0  libinit2.o(.ARM.Collect$$libinit$$0000000E)
    .ARM.Collect$$libinit$$00000011          0x0800016c   Section        0  libinit2.o(.ARM.Collect$$libinit$$00000011)
    .ARM.Collect$$libinit$$00000013          0x0800016c   Section        0  libinit2.o(.ARM.Collect$$libinit$$00000013)
    .ARM.Collect$$libinit$$00000015          0x0800016c   Section        0  libinit2.o(.ARM.Collect$$libinit$$00000015)
    .ARM.Collect$$libinit$$00000017          0x0800016c   Section        0  libinit2.o(.ARM.Collect$$libinit$$00000017)
    .ARM.Collect$$libinit$$00000019          0x0800016c   Section        0  libinit2.o(.ARM.Collect$$libinit$$00000019)
    .ARM.Collect$$libinit$$0000001B          0x0800016c   Section        0  libinit2.o(.ARM.Collect$$libinit$$0000001B)
    .ARM.Collect$$libinit$$0000001D          0x0800016c   Section        0  libinit2.o(.ARM.Collect$$libinit$$0000001D)
    .ARM.Collect$$libinit$$0000001F          0x0800016c   Section        0  libinit2.o(.ARM.Collect$$libinit$$0000001F)
    .ARM.Collect$$libinit$$00000021          0x0800016c   Section        0  libinit2.o(.ARM.Collect$$libinit$$00000021)
    .ARM.Collect$$libinit$$00000023          0x0800016c   Section        0  libinit2.o(.ARM.Collect$$libinit$$00000023)
    .ARM.Collect$$libinit$$00000025          0x0800016c   Section        0  libinit2.o(.ARM.Collect$$libinit$$00000025)
    .ARM.Collect$$libinit$$0000002C          0x0800016c   Section        0  libinit2.o(.ARM.Collect$$libinit$$0000002C)
    .ARM.Collect$$libinit$$0000002E          0x0800016c   Section        0  libinit2.o(.ARM.Collect$$libinit$$0000002E)
    .ARM.Collect$$libinit$$00000030          0x0800016c   Section        0  libinit2.o(.ARM.Collect$$libinit$$00000030)
    .ARM.Collect$$libinit$$00000032          0x0800016c   Section        0  libinit2.o(.ARM.Collect$$libinit$$00000032)
    .ARM.Collect$$libinit$$00000033          0x0800016c   Section        2  libinit2.o(.ARM.Collect$$libinit$$00000033)
    .ARM.Collect$$libshutdown$$00000000      0x0800016e   Section        2  libshutdown.o(.ARM.Collect$$libshutdown$$00000000)
    .ARM.Collect$$libshutdown$$00000002      0x08000170   Section        0  libshutdown2.o(.ARM.Collect$$libshutdown$$00000002)
    .ARM.Collect$$libshutdown$$00000004      0x08000170   Section        0  libshutdown2.o(.ARM.Collect$$libshutdown$$00000004)
    .ARM.Collect$$libshutdown$$00000007      0x08000170   Section        0  libshutdown2.o(.ARM.Collect$$libshutdown$$00000007)
    .ARM.Collect$$libshutdown$$0000000A      0x08000170   Section        0  libshutdown2.o(.ARM.Collect$$libshutdown$$0000000A)
    .ARM.Collect$$libshutdown$$0000000C      0x08000170   Section        0  libshutdown2.o(.ARM.Collect$$libshutdown$$0000000C)
    .ARM.Collect$$libshutdown$$0000000F      0x08000170   Section        0  libshutdown2.o(.ARM.Collect$$libshutdown$$0000000F)
    .ARM.Collect$$libshutdown$$00000010      0x08000170   Section        2  libshutdown2.o(.ARM.Collect$$libshutdown$$00000010)
    .ARM.Collect$$rtentry$$00000000          0x08000172   Section        0  __rtentry.o(.ARM.Collect$$rtentry$$00000000)
    .ARM.Collect$$rtentry$$00000002          0x08000172   Section        0  __rtentry2.o(.ARM.Collect$$rtentry$$00000002)
    .ARM.Collect$$rtentry$$00000004          0x08000172   Section        6  __rtentry4.o(.ARM.Collect$$rtentry$$00000004)
    .ARM.Collect$$rtentry$$00000009          0x08000178   Section        0  __rtentry2.o(.ARM.Collect$$rtentry$$00000009)
    .ARM.Collect$$rtentry$$0000000A          0x08000178   Section        4  __rtentry2.o(.ARM.Collect$$rtentry$$0000000A)
    .ARM.Collect$$rtentry$$0000000C          0x0800017c   Section        0  __rtentry2.o(.ARM.Collect$$rtentry$$0000000C)
    .ARM.Collect$$rtentry$$0000000D          0x0800017c   Section        8  __rtentry2.o(.ARM.Collect$$rtentry$$0000000D)
    .ARM.Collect$$rtexit$$00000000           0x08000184   Section        2  rtexit.o(.ARM.Collect$$rtexit$$00000000)
    .ARM.Collect$$rtexit$$00000002           0x08000186   Section        0  rtexit2.o(.ARM.Collect$$rtexit$$00000002)
    .ARM.Collect$$rtexit$$00000003           0x08000186   Section        4  rtexit2.o(.ARM.Collect$$rtexit$$00000003)
    .ARM.Collect$$rtexit$$00000004           0x0800018a   Section        6  rtexit2.o(.ARM.Collect$$rtexit$$00000004)
    .text                                    0x08000190   Section       64  startup_stm32f10x_md.o(.text)
    .text                                    0x080001d0   Section        2  use_no_semi_2.o(.text)
    .text                                    0x080001d4   Section        0  noretval__2sprintf.o(.text)
    .text                                    0x080001fc   Section        0  _printf_pad.o(.text)
    .text                                    0x0800024c   Section        0  _printf_dec.o(.text)
    .text                                    0x080002c4   Section        0  __printf_flags_wp.o(.text)
    .text                                    0x080003fc   Section        0  heapauxi.o(.text)
    .text                                    0x08000402   Section        2  use_no_semi.o(.text)
    .text                                    0x08000404   Section        0  _printf_intcommon.o(.text)
    .text                                    0x080004b8   Section        0  _printf_char_common.o(.text)
    _printf_input_char                       0x080004b9   Thumb Code    10  _printf_char_common.o(.text)
    .text                                    0x080004e8   Section        0  _sputc.o(.text)
    .text                                    0x080004f2   Section       74  sys_stackheap_outer.o(.text)
    .text                                    0x0800053c   Section        0  exit.o(.text)
    .text                                    0x08000550   Section        8  libspace.o(.text)
    i.ADC1_2_IRQHandler                      0x08000558   Section        0  adc.o(i.ADC1_2_IRQHandler)
    i.ADC_AnalogWatchdogCmd                  0x0800058c   Section        0  stm32f10x_adc.o(i.ADC_AnalogWatchdogCmd)
    i.ADC_AnalogWatchdogSingleChannelConfig  0x0800059c   Section        0  stm32f10x_adc.o(i.ADC_AnalogWatchdogSingleChannelConfig)
    i.ADC_AnalogWatchdogThresholdsConfig     0x080005a8   Section        0  stm32f10x_adc.o(i.ADC_AnalogWatchdogThresholdsConfig)
    i.ADC_ClearITPendingBit                  0x080005ae   Section        0  stm32f10x_adc.o(i.ADC_ClearITPendingBit)
    i.ADC_Cmd                                0x080005b6   Section        0  stm32f10x_adc.o(i.ADC_Cmd)
    i.ADC_DMACmd                             0x080005ca   Section        0  stm32f10x_adc.o(i.ADC_DMACmd)
    i.ADC_GetCalibrationStatus               0x080005de   Section        0  stm32f10x_adc.o(i.ADC_GetCalibrationStatus)
    i.ADC_GetITStatus                        0x080005ec   Section        0  stm32f10x_adc.o(i.ADC_GetITStatus)
    i.ADC_GetResetCalibrationStatus          0x08000608   Section        0  stm32f10x_adc.o(i.ADC_GetResetCalibrationStatus)
    i.ADC_ITConfig                           0x08000616   Section        0  stm32f10x_adc.o(i.ADC_ITConfig)
    i.ADC_Init                               0x08000628   Section        0  stm32f10x_adc.o(i.ADC_Init)
    i.ADC_RegularChannelConfig               0x08000670   Section        0  stm32f10x_adc.o(i.ADC_RegularChannelConfig)
    i.ADC_ResetCalibration                   0x080006e4   Section        0  stm32f10x_adc.o(i.ADC_ResetCalibration)
    i.ADC_SoftwareStartConvCmd               0x080006ee   Section        0  stm32f10x_adc.o(i.ADC_SoftwareStartConvCmd)
    i.ADC_StartCalibration                   0x08000702   Section        0  stm32f10x_adc.o(i.ADC_StartCalibration)
    i.BKP_DeInit                             0x0800070c   Section        0  stm32f10x_bkp.o(i.BKP_DeInit)
    i.BKP_ReadBackupRegister                 0x08000720   Section        0  stm32f10x_bkp.o(i.BKP_ReadBackupRegister)
    i.BKP_WriteBackupRegister                0x08000730   Section        0  stm32f10x_bkp.o(i.BKP_WriteBackupRegister)
    i.BusFault_Handler                       0x08000740   Section        0  stm32f10x_it.o(i.BusFault_Handler)
    i.DMA_Cmd                                0x08000742   Section        0  stm32f10x_dma.o(i.DMA_Cmd)
    i.DMA_DeInit                             0x08000758   Section        0  stm32f10x_dma.o(i.DMA_DeInit)
    i.DMA_Init                               0x0800083c   Section        0  stm32f10x_dma.o(i.DMA_Init)
    i.DebugMon_Handler                       0x08000876   Section        0  stm32f10x_it.o(i.DebugMon_Handler)
    i.GPIO_Init                              0x08000878   Section        0  stm32f10x_gpio.o(i.GPIO_Init)
    i.GPIO_ResetBits                         0x0800091a   Section        0  stm32f10x_gpio.o(i.GPIO_ResetBits)
    i.GPIO_SetBits                           0x0800091e   Section        0  stm32f10x_gpio.o(i.GPIO_SetBits)
    i.HardFault_Handler                      0x08000922   Section        0  stm32f10x_it.o(i.HardFault_Handler)
    i.MemManage_Handler                      0x08000924   Section        0  stm32f10x_it.o(i.MemManage_Handler)
    i.NMI_Handler                            0x08000926   Section        0  stm32f10x_it.o(i.NMI_Handler)
    i.NVIC_Configuration                     0x08000928   Section        0  sys.o(i.NVIC_Configuration)
    i.NVIC_Init                              0x08000930   Section        0  misc.o(i.NVIC_Init)
    i.NVIC_PriorityGroupConfig               0x08000994   Section        0  misc.o(i.NVIC_PriorityGroupConfig)
    i.OLED_Clear                             0x080009a8   Section        0  oled.o(i.OLED_Clear)
    i.OLED_DrawPoint                         0x080009d4   Section        0  oled.o(i.OLED_DrawPoint)
    i.OLED_Fill                              0x08000a1c   Section        0  oled.o(i.OLED_Fill)
    i.OLED_GPIO_Init                         0x08000a50   Section        0  oled.o(i.OLED_GPIO_Init)
    i.OLED_Init                              0x08000b10   Section        0  oled.o(i.OLED_Init)
    i.OLED_RefreshGram                       0x08000bd4   Section        0  oled.o(i.OLED_RefreshGram)
    i.OLED_SetPos                            0x08000c08   Section        0  oled.o(i.OLED_SetPos)
    i.OLED_ShowChar                          0x08000c30   Section        0  oled.o(i.OLED_ShowChar)
    i.OLED_ShowString                        0x08000cd0   Section        0  oled.o(i.OLED_ShowString)
    i.OLED_WriteByte                         0x08000d00   Section        0  oled.o(i.OLED_WriteByte)
    i.OLED_WriteCmd                          0x08000d34   Section        0  oled.o(i.OLED_WriteCmd)
    i.OLED_WriteData                         0x08000d44   Section        0  oled.o(i.OLED_WriteData)
    i.PWR_BackupAccessCmd                    0x08000d54   Section        0  stm32f10x_pwr.o(i.PWR_BackupAccessCmd)
    i.PendSV_Handler                         0x08000d60   Section        0  stm32f10x_it.o(i.PendSV_Handler)
    i.RCC_ADCCLKConfig                       0x08000d64   Section        0  stm32f10x_rcc.o(i.RCC_ADCCLKConfig)
    i.RCC_AHBPeriphClockCmd                  0x08000d78   Section        0  stm32f10x_rcc.o(i.RCC_AHBPeriphClockCmd)
    i.RCC_APB1PeriphClockCmd                 0x08000d90   Section        0  stm32f10x_rcc.o(i.RCC_APB1PeriphClockCmd)
    i.RCC_APB2PeriphClockCmd                 0x08000da8   Section        0  stm32f10x_rcc.o(i.RCC_APB2PeriphClockCmd)
    i.RCC_BackupResetCmd                     0x08000dc0   Section        0  stm32f10x_rcc.o(i.RCC_BackupResetCmd)
    i.RCC_ClearFlag                          0x08000dcc   Section        0  stm32f10x_rcc.o(i.RCC_ClearFlag)
    i.RCC_GetClocksFreq                      0x08000ddc   Section        0  stm32f10x_rcc.o(i.RCC_GetClocksFreq)
    i.RCC_GetFlagStatus                      0x08000e6c   Section        0  stm32f10x_rcc.o(i.RCC_GetFlagStatus)
    i.RCC_LSICmd                             0x08000e9c   Section        0  stm32f10x_rcc.o(i.RCC_LSICmd)
    i.RCC_RTCCLKCmd                          0x08000ea8   Section        0  stm32f10x_rcc.o(i.RCC_RTCCLKCmd)
    i.RCC_RTCCLKConfig                       0x08000eb4   Section        0  stm32f10x_rcc.o(i.RCC_RTCCLKConfig)
    i.RTC_ClearITPendingBit                  0x08000ec4   Section        0  stm32f10x_rtc.o(i.RTC_ClearITPendingBit)
    i.RTC_Configuration                      0x08000ed4   Section        0  rtc_ctrl.o(i.RTC_Configuration)
    i.RTC_EnterConfigMode                    0x08000f2c   Section        0  stm32f10x_rtc.o(i.RTC_EnterConfigMode)
    i.RTC_ExitConfigMode                     0x08000f3c   Section        0  stm32f10x_rtc.o(i.RTC_ExitConfigMode)
    i.RTC_GetCounter                         0x08000f4c   Section        0  stm32f10x_rtc.o(i.RTC_GetCounter)
    i.RTC_GetDate                            0x08000f60   Section        0  rtc_ctrl.o(i.RTC_GetDate)
    i.RTC_GetITStatus                        0x08001030   Section        0  stm32f10x_rtc.o(i.RTC_GetITStatus)
    i.RTC_IRQHandler                         0x08001050   Section        0  rtc_ctrl.o(i.RTC_IRQHandler)
    i.RTC_ITConfig                           0x080010e8   Section        0  stm32f10x_rtc.o(i.RTC_ITConfig)
    i.RTC_Init                               0x08001100   Section        0  rtc_ctrl.o(i.RTC_Init)
    i.RTC_NVIC_Configuartion                 0x0800117a   Section        0  rtc_ctrl.o(i.RTC_NVIC_Configuartion)
    i.RTC_SetCounter                         0x080011a4   Section        0  stm32f10x_rtc.o(i.RTC_SetCounter)
    i.RTC_SetPrescaler                       0x080011c4   Section        0  stm32f10x_rtc.o(i.RTC_SetPrescaler)
    i.RTC_SetSec                             0x080011e4   Section        0  rtc_ctrl.o(i.RTC_SetSec)
    i.RTC_WaitForLastTask                    0x080012b4   Section        0  stm32f10x_rtc.o(i.RTC_WaitForLastTask)
    i.RTC_WaitForSynchro                     0x080012c4   Section        0  stm32f10x_rtc.o(i.RTC_WaitForSynchro)
    i.SPI_Cmd                                0x080012dc   Section        0  stm32f10x_spi.o(i.SPI_Cmd)
    i.SPI_I2S_GetFlagStatus                  0x080012f0   Section        0  stm32f10x_spi.o(i.SPI_I2S_GetFlagStatus)
    i.SPI_Init                               0x080012fe   Section        0  stm32f10x_spi.o(i.SPI_Init)
    i.SVC_Handler                            0x08001336   Section        0  stm32f10x_it.o(i.SVC_Handler)
    i.SetSysClockTo72                        0x08001338   Section        0  system_stm32f10x.o(i.SetSysClockTo72)
    SetSysClockTo72                          0x08001339   Thumb Code   160  system_stm32f10x.o(i.SetSysClockTo72)
    i.SysTick_CLKSourceConfig                0x080013e0   Section        0  misc.o(i.SysTick_CLKSourceConfig)
    i.SysTick_Handler                        0x080013f8   Section        0  stm32f10x_it.o(i.SysTick_Handler)
    i.SystemInit                             0x080013fc   Section        0  system_stm32f10x.o(i.SystemInit)
    i.TIM3_IRQHandler                        0x0800144c   Section        0  tim3.o(i.TIM3_IRQHandler)
    i.TIM3_Init                              0x080014d0   Section        0  tim3.o(i.TIM3_Init)
    i.TIM_ClearITPendingBit                  0x08001530   Section        0  stm32f10x_tim.o(i.TIM_ClearITPendingBit)
    i.TIM_Cmd                                0x08001536   Section        0  stm32f10x_tim.o(i.TIM_Cmd)
    i.TIM_GetITStatus                        0x0800154a   Section        0  stm32f10x_tim.o(i.TIM_GetITStatus)
    i.TIM_ITConfig                           0x08001562   Section        0  stm32f10x_tim.o(i.TIM_ITConfig)
    i.TIM_TimeBaseInit                       0x08001574   Section        0  stm32f10x_tim.o(i.TIM_TimeBaseInit)
    i.USART1_IRQHandler                      0x08001610   Section        0  usart.o(i.USART1_IRQHandler)
    i.USART_ClockInit                        0x080016e8   Section        0  stm32f10x_usart.o(i.USART_ClockInit)
    i.USART_Cmd                              0x08001706   Section        0  stm32f10x_usart.o(i.USART_Cmd)
    i.USART_ITConfig                         0x0800171a   Section        0  stm32f10x_usart.o(i.USART_ITConfig)
    i.USART_Init                             0x0800174c   Section        0  stm32f10x_usart.o(i.USART_Init)
    i.Uart1_Init                             0x080017f8   Section        0  usart.o(i.Uart1_Init)
    i.UsageFault_Handler                     0x080018bc   Section        0  stm32f10x_it.o(i.UsageFault_Handler)
    i._is_digit                              0x080018be   Section        0  __printf_wp.o(i._is_digit)
    i._sys_exit                              0x080018cc   Section        0  usart.o(i._sys_exit)
    i.adc_dma_init                           0x080018d0   Section        0  adc.o(i.adc_dma_init)
    i.adc_gpio_init                          0x080019a4   Section        0  adc.o(i.adc_gpio_init)
    i.adc_init                               0x080019c8   Section        0  adc.o(i.adc_init)
    i.adc_watchdog_init                      0x080019dc   Section        0  adc.o(i.adc_watchdog_init)
    i.delay_init                             0x08001a30   Section        0  delay.o(i.delay_init)
    i.delay_ms                               0x08001a5c   Section        0  delay.o(i.delay_ms)
    i.delay_us                               0x08001a84   Section        0  delay.o(i.delay_us)
    i.isLeapYear                             0x08001aac   Section        0  rtc_ctrl.o(i.isLeapYear)
    isLeapYear                               0x08001aad   Thumb Code    38  rtc_ctrl.o(i.isLeapYear)
    i.main                                   0x08001ad2   Section        0  main.o(i.main)
    .constdata                               0x08001b22   Section     4496  oled.o(.constdata)
    .constdata                               0x08002cb2   Section       12  rtc_ctrl.o(.constdata)
    .constdata                               0x08002cbe   Section       17  __printf_flags_wp.o(.constdata)
    maptable                                 0x08002cbe   Data          17  __printf_flags_wp.o(.constdata)
    .data                                    0x20000000   Section        4  delay.o(.data)
    fac_us                                   0x20000000   Data           1  delay.o(.data)
    fac_ms                                   0x20000002   Data           2  delay.o(.data)
    .data                                    0x20000004   Section       12  usart.o(.data)
    TxCounter                                0x20000004   Data           1  usart.o(.data)
    count                                    0x20000005   Data           1  usart.o(.data)
    Rx_Act                                   0x20000006   Data           1  usart.o(.data)
    Rx_Adr                                   0x20000007   Data           1  usart.o(.data)
    .data                                    0x20000010   Section       20  stm32f10x_rcc.o(.data)
    ADCPrescTable                            0x20000010   Data           4  stm32f10x_rcc.o(.data)
    APBAHBPrescTable                         0x20000014   Data          16  stm32f10x_rcc.o(.data)
    .data                                    0x20000024   Section        1  oled.o(.data)
    .data                                    0x20000026   Section       14  tim3.o(.data)
    .data                                    0x20000034   Section        8  adc.o(.data)
    .data                                    0x2000003c   Section        8  rtc_ctrl.o(.data)
    .bss                                     0x20000044   Section      320  usart.o(.bss)
    TxBuffer                                 0x20000044   Data         256  usart.o(.bss)
    .bss                                     0x20000184   Section     1024  oled.o(.bss)
    .bss                                     0x20000584   Section       96  libspace.o(.bss)
    HEAP                                     0x200005e8   Section      512  startup_stm32f10x_md.o(HEAP)
    Heap_Mem                                 0x200005e8   Data         512  startup_stm32f10x_md.o(HEAP)
    STACK                                    0x200007e8   Section     1024  startup_stm32f10x_md.o(STACK)
    Stack_Mem                                0x200007e8   Data        1024  startup_stm32f10x_md.o(STACK)
    __initial_sp                             0x20000be8   Data           0  startup_stm32f10x_md.o(STACK)

    Global Symbols

    Symbol Name                              Value     Ov Type        Size  Object(Section)

    BuildAttributes$$THM_ISAv4$P$D$K$B$S$PE$A:L22UL41UL21$X:L11$S22US41US21$IEEE1$IW$USESV6$~STKCKD$USESV7$~SHL$OSPACE$ROPI$EBA8$UX$STANDARDLIB$REQ8$PRES8$EABIv2 0x00000000   Number         0  anon$$obj.o ABSOLUTE
    __ARM_use_no_argv                        0x00000000   Number         0  main.o ABSOLUTE
    _printf_flags                            0x00000000   Number         0  printf_stubs.o ABSOLUTE
    _printf_return_value                     0x00000000   Number         0  printf_stubs.o ABSOLUTE
    _printf_sizespec                         0x00000000   Number         0  printf_stubs.o ABSOLUTE
    _printf_widthprec                        0x00000000   Number         0  printf_stubs.o ABSOLUTE
    __ARM_exceptions_init                     - Undefined Weak Reference
    __alloca_initialize                       - Undefined Weak Reference
    __arm_preinit_                            - Undefined Weak Reference
    __cpp_initialize__aeabi_                  - Undefined Weak Reference
    __cxa_finalize                            - Undefined Weak Reference
    __rt_locale                               - Undefined Weak Reference
    __sigvec_lookup                           - Undefined Weak Reference
    _atexit_init                              - Undefined Weak Reference
    _call_atexit_fns                          - Undefined Weak Reference
    _clock_init                               - Undefined Weak Reference
    _fp_trap_init                             - Undefined Weak Reference
    _fp_trap_shutdown                         - Undefined Weak Reference
    _get_lc_collate                           - Undefined Weak Reference
    _get_lc_ctype                             - Undefined Weak Reference
    _get_lc_monetary                          - Undefined Weak Reference
    _get_lc_numeric                           - Undefined Weak Reference
    _get_lc_time                              - Undefined Weak Reference
    _getenv_init                              - Undefined Weak Reference
    _handle_redirection                       - Undefined Weak Reference
    _init_alloc                               - Undefined Weak Reference
    _init_user_alloc                          - Undefined Weak Reference
    _initio                                   - Undefined Weak Reference
    _printf_truncate_signed                   - Undefined Weak Reference
    _printf_truncate_unsigned                 - Undefined Weak Reference
    _rand_init                                - Undefined Weak Reference
    _signal_finish                            - Undefined Weak Reference
    _signal_init                              - Undefined Weak Reference
    _terminate_alloc                          - Undefined Weak Reference
    _terminate_user_alloc                     - Undefined Weak Reference
    _terminateio                              - Undefined Weak Reference
    __Vectors_Size                           0x000000ec   Number         0  startup_stm32f10x_md.o ABSOLUTE
    __Vectors                                0x08000000   Data           4  startup_stm32f10x_md.o(RESET)
    __Vectors_End                            0x080000ec   Data           0  startup_stm32f10x_md.o(RESET)
    __main                                   0x080000ed   Thumb Code     8  __main.o(!!!main)
    __scatterload                            0x080000f5   Thumb Code     0  __scatter.o(!!!scatter)
    __scatterload_rt2                        0x080000f5   Thumb Code    44  __scatter.o(!!!scatter)
    __scatterload_rt2_thumb_only             0x080000f5   Thumb Code     0  __scatter.o(!!!scatter)
    __scatterload_null                       0x08000103   Thumb Code     0  __scatter.o(!!!scatter)
    __scatterload_copy                       0x08000129   Thumb Code    26  __scatter_copy.o(!!handler_copy)
    __scatterload_zeroinit                   0x08000145   Thumb Code    28  __scatter_zi.o(!!handler_zi)
    _printf_d                                0x08000161   Thumb Code     0  _printf_d.o(.ARM.Collect$$_printf_percent$$00000009)
    _printf_percent                          0x08000161   Thumb Code     0  _printf_percent.o(.ARM.Collect$$_printf_percent$$00000000)
    _printf_percent_end                      0x08000167   Thumb Code     0  _printf_percent_end.o(.ARM.Collect$$_printf_percent$$00000017)
    __rt_lib_init                            0x0800016b   Thumb Code     0  libinit.o(.ARM.Collect$$libinit$$00000000)
    __rt_lib_init_alloca_1                   0x0800016d   Thumb Code     0  libinit2.o(.ARM.Collect$$libinit$$0000002E)
    __rt_lib_init_argv_1                     0x0800016d   Thumb Code     0  libinit2.o(.ARM.Collect$$libinit$$0000002C)
    __rt_lib_init_atexit_1                   0x0800016d   Thumb Code     0  libinit2.o(.ARM.Collect$$libinit$$0000001B)
    __rt_lib_init_clock_1                    0x0800016d   Thumb Code     0  libinit2.o(.ARM.Collect$$libinit$$00000021)
    __rt_lib_init_cpp_1                      0x0800016d   Thumb Code     0  libinit2.o(.ARM.Collect$$libinit$$00000032)
    __rt_lib_init_exceptions_1               0x0800016d   Thumb Code     0  libinit2.o(.ARM.Collect$$libinit$$00000030)
    __rt_lib_init_fp_1                       0x0800016d   Thumb Code     0  libinit2.o(.ARM.Collect$$libinit$$00000002)
    __rt_lib_init_fp_trap_1                  0x0800016d   Thumb Code     0  libinit2.o(.ARM.Collect$$libinit$$0000001F)
    __rt_lib_init_getenv_1                   0x0800016d   Thumb Code     0  libinit2.o(.ARM.Collect$$libinit$$00000023)
    __rt_lib_init_heap_1                     0x0800016d   Thumb Code     0  libinit2.o(.ARM.Collect$$libinit$$0000000A)
    __rt_lib_init_lc_collate_1               0x0800016d   Thumb Code     0  libinit2.o(.ARM.Collect$$libinit$$00000011)
    __rt_lib_init_lc_ctype_1                 0x0800016d   Thumb Code     0  libinit2.o(.ARM.Collect$$libinit$$00000013)
    __rt_lib_init_lc_monetary_1              0x0800016d   Thumb Code     0  libinit2.o(.ARM.Collect$$libinit$$00000015)
    __rt_lib_init_lc_numeric_1               0x0800016d   Thumb Code     0  libinit2.o(.ARM.Collect$$libinit$$00000017)
    __rt_lib_init_lc_time_1                  0x0800016d   Thumb Code     0  libinit2.o(.ARM.Collect$$libinit$$00000019)
    __rt_lib_init_preinit_1                  0x0800016d   Thumb Code     0  libinit2.o(.ARM.Collect$$libinit$$00000004)
    __rt_lib_init_rand_1                     0x0800016d   Thumb Code     0  libinit2.o(.ARM.Collect$$libinit$$0000000E)
    __rt_lib_init_return                     0x0800016d   Thumb Code     0  libinit2.o(.ARM.Collect$$libinit$$00000033)
    __rt_lib_init_signal_1                   0x0800016d   Thumb Code     0  libinit2.o(.ARM.Collect$$libinit$$0000001D)
    __rt_lib_init_stdio_1                    0x0800016d   Thumb Code     0  libinit2.o(.ARM.Collect$$libinit$$00000025)
    __rt_lib_init_user_alloc_1               0x0800016d   Thumb Code     0  libinit2.o(.ARM.Collect$$libinit$$0000000C)
    __rt_lib_shutdown                        0x0800016f   Thumb Code     0  libshutdown.o(.ARM.Collect$$libshutdown$$00000000)
    __rt_lib_shutdown_cpp_1                  0x08000171   Thumb Code     0  libshutdown2.o(.ARM.Collect$$libshutdown$$00000002)
    __rt_lib_shutdown_fp_trap_1              0x08000171   Thumb Code     0  libshutdown2.o(.ARM.Collect$$libshutdown$$00000007)
    __rt_lib_shutdown_heap_1                 0x08000171   Thumb Code     0  libshutdown2.o(.ARM.Collect$$libshutdown$$0000000F)
    __rt_lib_shutdown_return                 0x08000171   Thumb Code     0  libshutdown2.o(.ARM.Collect$$libshutdown$$00000010)
    __rt_lib_shutdown_signal_1               0x08000171   Thumb Code     0  libshutdown2.o(.ARM.Collect$$libshutdown$$0000000A)
    __rt_lib_shutdown_stdio_1                0x08000171   Thumb Code     0  libshutdown2.o(.ARM.Collect$$libshutdown$$00000004)
    __rt_lib_shutdown_user_alloc_1           0x08000171   Thumb Code     0  libshutdown2.o(.ARM.Collect$$libshutdown$$0000000C)
    __rt_entry                               0x08000173   Thumb Code     0  __rtentry.o(.ARM.Collect$$rtentry$$00000000)
    __rt_entry_presh_1                       0x08000173   Thumb Code     0  __rtentry2.o(.ARM.Collect$$rtentry$$00000002)
    __rt_entry_sh                            0x08000173   Thumb Code     0  __rtentry4.o(.ARM.Collect$$rtentry$$00000004)
    __rt_entry_li                            0x08000179   Thumb Code     0  __rtentry2.o(.ARM.Collect$$rtentry$$0000000A)
    __rt_entry_postsh_1                      0x08000179   Thumb Code     0  __rtentry2.o(.ARM.Collect$$rtentry$$00000009)
    __rt_entry_main                          0x0800017d   Thumb Code     0  __rtentry2.o(.ARM.Collect$$rtentry$$0000000D)
    __rt_entry_postli_1                      0x0800017d   Thumb Code     0  __rtentry2.o(.ARM.Collect$$rtentry$$0000000C)
    __rt_exit                                0x08000185   Thumb Code     0  rtexit.o(.ARM.Collect$$rtexit$$00000000)
    __rt_exit_ls                             0x08000187   Thumb Code     0  rtexit2.o(.ARM.Collect$$rtexit$$00000003)
    __rt_exit_prels_1                        0x08000187   Thumb Code     0  rtexit2.o(.ARM.Collect$$rtexit$$00000002)
    __rt_exit_exit                           0x0800018b   Thumb Code     0  rtexit2.o(.ARM.Collect$$rtexit$$00000004)
    Reset_Handler                            0x08000191   Thumb Code     8  startup_stm32f10x_md.o(.text)
    CAN1_RX1_IRQHandler                      0x080001ab   Thumb Code     0  startup_stm32f10x_md.o(.text)
    CAN1_SCE_IRQHandler                      0x080001ab   Thumb Code     0  startup_stm32f10x_md.o(.text)
    DMA1_Channel1_IRQHandler                 0x080001ab   Thumb Code     0  startup_stm32f10x_md.o(.text)
    DMA1_Channel2_IRQHandler                 0x080001ab   Thumb Code     0  startup_stm32f10x_md.o(.text)
    DMA1_Channel3_IRQHandler                 0x080001ab   Thumb Code     0  startup_stm32f10x_md.o(.text)
    DMA1_Channel4_IRQHandler                 0x080001ab   Thumb Code     0  startup_stm32f10x_md.o(.text)
    DMA1_Channel5_IRQHandler                 0x080001ab   Thumb Code     0  startup_stm32f10x_md.o(.text)
    DMA1_Channel6_IRQHandler                 0x080001ab   Thumb Code     0  startup_stm32f10x_md.o(.text)
    DMA1_Channel7_IRQHandler                 0x080001ab   Thumb Code     0  startup_stm32f10x_md.o(.text)
    EXTI0_IRQHandler                         0x080001ab   Thumb Code     0  startup_stm32f10x_md.o(.text)
    EXTI15_10_IRQHandler                     0x080001ab   Thumb Code     0  startup_stm32f10x_md.o(.text)
    EXTI1_IRQHandler                         0x080001ab   Thumb Code     0  startup_stm32f10x_md.o(.text)
    EXTI2_IRQHandler                         0x080001ab   Thumb Code     0  startup_stm32f10x_md.o(.text)
    EXTI3_IRQHandler                         0x080001ab   Thumb Code     0  startup_stm32f10x_md.o(.text)
    EXTI4_IRQHandler                         0x080001ab   Thumb Code     0  startup_stm32f10x_md.o(.text)
    EXTI9_5_IRQHandler                       0x080001ab   Thumb Code     0  startup_stm32f10x_md.o(.text)
    FLASH_IRQHandler                         0x080001ab   Thumb Code     0  startup_stm32f10x_md.o(.text)
    I2C1_ER_IRQHandler                       0x080001ab   Thumb Code     0  startup_stm32f10x_md.o(.text)
    I2C1_EV_IRQHandler                       0x080001ab   Thumb Code     0  startup_stm32f10x_md.o(.text)
    I2C2_ER_IRQHandler                       0x080001ab   Thumb Code     0  startup_stm32f10x_md.o(.text)
    I2C2_EV_IRQHandler                       0x080001ab   Thumb Code     0  startup_stm32f10x_md.o(.text)
    PVD_IRQHandler                           0x080001ab   Thumb Code     0  startup_stm32f10x_md.o(.text)
    RCC_IRQHandler                           0x080001ab   Thumb Code     0  startup_stm32f10x_md.o(.text)
    RTCAlarm_IRQHandler                      0x080001ab   Thumb Code     0  startup_stm32f10x_md.o(.text)
    SPI1_IRQHandler                          0x080001ab   Thumb Code     0  startup_stm32f10x_md.o(.text)
    SPI2_IRQHandler                          0x080001ab   Thumb Code     0  startup_stm32f10x_md.o(.text)
    TAMPER_IRQHandler                        0x080001ab   Thumb Code     0  startup_stm32f10x_md.o(.text)
    TIM1_BRK_IRQHandler                      0x080001ab   Thumb Code     0  startup_stm32f10x_md.o(.text)
    TIM1_CC_IRQHandler                       0x080001ab   Thumb Code     0  startup_stm32f10x_md.o(.text)
    TIM1_TRG_COM_IRQHandler                  0x080001ab   Thumb Code     0  startup_stm32f10x_md.o(.text)
    TIM1_UP_IRQHandler                       0x080001ab   Thumb Code     0  startup_stm32f10x_md.o(.text)
    TIM2_IRQHandler                          0x080001ab   Thumb Code     0  startup_stm32f10x_md.o(.text)
    TIM4_IRQHandler                          0x080001ab   Thumb Code     0  startup_stm32f10x_md.o(.text)
    USART2_IRQHandler                        0x080001ab   Thumb Code     0  startup_stm32f10x_md.o(.text)
    USART3_IRQHandler                        0x080001ab   Thumb Code     0  startup_stm32f10x_md.o(.text)
    USBWakeUp_IRQHandler                     0x080001ab   Thumb Code     0  startup_stm32f10x_md.o(.text)
    USB_HP_CAN1_TX_IRQHandler                0x080001ab   Thumb Code     0  startup_stm32f10x_md.o(.text)
    USB_LP_CAN1_RX0_IRQHandler               0x080001ab   Thumb Code     0  startup_stm32f10x_md.o(.text)
    WWDG_IRQHandler                          0x080001ab   Thumb Code     0  startup_stm32f10x_md.o(.text)
    __user_initial_stackheap                 0x080001ad   Thumb Code     0  startup_stm32f10x_md.o(.text)
    __use_no_semihosting                     0x080001d1   Thumb Code     2  use_no_semi_2.o(.text)
    __2sprintf                               0x080001d5   Thumb Code    34  noretval__2sprintf.o(.text)
    _printf_pre_padding                      0x080001fd   Thumb Code    44  _printf_pad.o(.text)
    _printf_post_padding                     0x08000229   Thumb Code    34  _printf_pad.o(.text)
    _printf_int_dec                          0x0800024d   Thumb Code   104  _printf_dec.o(.text)
    __printf                                 0x080002c5   Thumb Code   308  __printf_flags_wp.o(.text)
    __use_two_region_memory                  0x080003fd   Thumb Code     2  heapauxi.o(.text)
    __rt_heap_escrow$2region                 0x080003ff   Thumb Code     2  heapauxi.o(.text)
    __rt_heap_expand$2region                 0x08000401   Thumb Code     2  heapauxi.o(.text)
    __I$use$semihosting                      0x08000403   Thumb Code     0  use_no_semi.o(.text)
    __use_no_semihosting_swi                 0x08000403   Thumb Code     2  use_no_semi.o(.text)
    _printf_int_common                       0x08000405   Thumb Code   178  _printf_intcommon.o(.text)
    _printf_char_common                      0x080004c3   Thumb Code    32  _printf_char_common.o(.text)
    _sputc                                   0x080004e9   Thumb Code    10  _sputc.o(.text)
    __user_setup_stackheap                   0x080004f3   Thumb Code    74  sys_stackheap_outer.o(.text)
    exit                                     0x0800053d   Thumb Code    18  exit.o(.text)
    __user_libspace                          0x08000551   Thumb Code     8  libspace.o(.text)
    __user_perproc_libspace                  0x08000551   Thumb Code     0  libspace.o(.text)
    __user_perthread_libspace                0x08000551   Thumb Code     0  libspace.o(.text)
    ADC1_2_IRQHandler                        0x08000559   Thumb Code    44  adc.o(i.ADC1_2_IRQHandler)
    ADC_AnalogWatchdogCmd                    0x0800058d   Thumb Code    12  stm32f10x_adc.o(i.ADC_AnalogWatchdogCmd)
    ADC_AnalogWatchdogSingleChannelConfig    0x0800059d   Thumb Code    12  stm32f10x_adc.o(i.ADC_AnalogWatchdogSingleChannelConfig)
    ADC_AnalogWatchdogThresholdsConfig       0x080005a9   Thumb Code     6  stm32f10x_adc.o(i.ADC_AnalogWatchdogThresholdsConfig)
    ADC_ClearITPendingBit                    0x080005af   Thumb Code     8  stm32f10x_adc.o(i.ADC_ClearITPendingBit)
    ADC_Cmd                                  0x080005b7   Thumb Code    20  stm32f10x_adc.o(i.ADC_Cmd)
    ADC_DMACmd                               0x080005cb   Thumb Code    20  stm32f10x_adc.o(i.ADC_DMACmd)
    ADC_GetCalibrationStatus                 0x080005df   Thumb Code    14  stm32f10x_adc.o(i.ADC_GetCalibrationStatus)
    ADC_GetITStatus                          0x080005ed   Thumb Code    28  stm32f10x_adc.o(i.ADC_GetITStatus)
    ADC_GetResetCalibrationStatus            0x08000609   Thumb Code    14  stm32f10x_adc.o(i.ADC_GetResetCalibrationStatus)
    ADC_ITConfig                             0x08000617   Thumb Code    18  stm32f10x_adc.o(i.ADC_ITConfig)
    ADC_Init                                 0x08000629   Thumb Code    62  stm32f10x_adc.o(i.ADC_Init)
    ADC_RegularChannelConfig                 0x08000671   Thumb Code   116  stm32f10x_adc.o(i.ADC_RegularChannelConfig)
    ADC_ResetCalibration                     0x080006e5   Thumb Code    10  stm32f10x_adc.o(i.ADC_ResetCalibration)
    ADC_SoftwareStartConvCmd                 0x080006ef   Thumb Code    20  stm32f10x_adc.o(i.ADC_SoftwareStartConvCmd)
    ADC_StartCalibration                     0x08000703   Thumb Code    10  stm32f10x_adc.o(i.ADC_StartCalibration)
    BKP_DeInit                               0x0800070d   Thumb Code    18  stm32f10x_bkp.o(i.BKP_DeInit)
    BKP_ReadBackupRegister                   0x08000721   Thumb Code    12  stm32f10x_bkp.o(i.BKP_ReadBackupRegister)
    BKP_WriteBackupRegister                  0x08000731   Thumb Code    12  stm32f10x_bkp.o(i.BKP_WriteBackupRegister)
    BusFault_Handler                         0x08000741   Thumb Code     2  stm32f10x_it.o(i.BusFault_Handler)
    DMA_Cmd                                  0x08000743   Thumb Code    22  stm32f10x_dma.o(i.DMA_Cmd)
    DMA_DeInit                               0x08000759   Thumb Code   218  stm32f10x_dma.o(i.DMA_DeInit)
    DMA_Init                                 0x0800083d   Thumb Code    58  stm32f10x_dma.o(i.DMA_Init)
    DebugMon_Handler                         0x08000877   Thumb Code     2  stm32f10x_it.o(i.DebugMon_Handler)
    GPIO_Init                                0x08000879   Thumb Code   162  stm32f10x_gpio.o(i.GPIO_Init)
    GPIO_ResetBits                           0x0800091b   Thumb Code     4  stm32f10x_gpio.o(i.GPIO_ResetBits)
    GPIO_SetBits                             0x0800091f   Thumb Code     4  stm32f10x_gpio.o(i.GPIO_SetBits)
    HardFault_Handler                        0x08000923   Thumb Code     2  stm32f10x_it.o(i.HardFault_Handler)
    MemManage_Handler                        0x08000925   Thumb Code     2  stm32f10x_it.o(i.MemManage_Handler)
    NMI_Handler                              0x08000927   Thumb Code     2  stm32f10x_it.o(i.NMI_Handler)
    NVIC_Configuration                       0x08000929   Thumb Code     8  sys.o(i.NVIC_Configuration)
    NVIC_Init                                0x08000931   Thumb Code    94  misc.o(i.NVIC_Init)
    NVIC_PriorityGroupConfig                 0x08000995   Thumb Code    10  misc.o(i.NVIC_PriorityGroupConfig)
    OLED_Clear                               0x080009a9   Thumb Code    40  oled.o(i.OLED_Clear)
    OLED_DrawPoint                           0x080009d5   Thumb Code    66  oled.o(i.OLED_DrawPoint)
    OLED_Fill                                0x08000a1d   Thumb Code    52  oled.o(i.OLED_Fill)
    OLED_GPIO_Init                           0x08000a51   Thumb Code   182  oled.o(i.OLED_GPIO_Init)
    OLED_Init                                0x08000b11   Thumb Code   192  oled.o(i.OLED_Init)
    OLED_RefreshGram                         0x08000bd5   Thumb Code    48  oled.o(i.OLED_RefreshGram)
    OLED_SetPos                              0x08000c09   Thumb Code    38  oled.o(i.OLED_SetPos)
    OLED_ShowChar                            0x08000c31   Thumb Code   144  oled.o(i.OLED_ShowChar)
    OLED_ShowString                          0x08000cd1   Thumb Code    48  oled.o(i.OLED_ShowString)
    OLED_WriteByte                           0x08000d01   Thumb Code    48  oled.o(i.OLED_WriteByte)
    OLED_WriteCmd                            0x08000d35   Thumb Code    12  oled.o(i.OLED_WriteCmd)
    OLED_WriteData                           0x08000d45   Thumb Code    12  oled.o(i.OLED_WriteData)
    PWR_BackupAccessCmd                      0x08000d55   Thumb Code     6  stm32f10x_pwr.o(i.PWR_BackupAccessCmd)
    PendSV_Handler                           0x08000d61   Thumb Code     2  stm32f10x_it.o(i.PendSV_Handler)
    RCC_ADCCLKConfig                         0x08000d65   Thumb Code    14  stm32f10x_rcc.o(i.RCC_ADCCLKConfig)
    RCC_AHBPeriphClockCmd                    0x08000d79   Thumb Code    18  stm32f10x_rcc.o(i.RCC_AHBPeriphClockCmd)
    RCC_APB1PeriphClockCmd                   0x08000d91   Thumb Code    18  stm32f10x_rcc.o(i.RCC_APB1PeriphClockCmd)
    RCC_APB2PeriphClockCmd                   0x08000da9   Thumb Code    18  stm32f10x_rcc.o(i.RCC_APB2PeriphClockCmd)
    RCC_BackupResetCmd                       0x08000dc1   Thumb Code     6  stm32f10x_rcc.o(i.RCC_BackupResetCmd)
    RCC_ClearFlag                            0x08000dcd   Thumb Code    12  stm32f10x_rcc.o(i.RCC_ClearFlag)
    RCC_GetClocksFreq                        0x08000ddd   Thumb Code   128  stm32f10x_rcc.o(i.RCC_GetClocksFreq)
    RCC_GetFlagStatus                        0x08000e6d   Thumb Code    44  stm32f10x_rcc.o(i.RCC_GetFlagStatus)
    RCC_LSICmd                               0x08000e9d   Thumb Code     6  stm32f10x_rcc.o(i.RCC_LSICmd)
    RCC_RTCCLKCmd                            0x08000ea9   Thumb Code     6  stm32f10x_rcc.o(i.RCC_RTCCLKCmd)
    RCC_RTCCLKConfig                         0x08000eb5   Thumb Code    10  stm32f10x_rcc.o(i.RCC_RTCCLKConfig)
    RTC_ClearITPendingBit                    0x08000ec5   Thumb Code    10  stm32f10x_rtc.o(i.RTC_ClearITPendingBit)
    RTC_Configuration                        0x08000ed5   Thumb Code    88  rtc_ctrl.o(i.RTC_Configuration)
    RTC_EnterConfigMode                      0x08000f2d   Thumb Code    12  stm32f10x_rtc.o(i.RTC_EnterConfigMode)
    RTC_ExitConfigMode                       0x08000f3d   Thumb Code    12  stm32f10x_rtc.o(i.RTC_ExitConfigMode)
    RTC_GetCounter                           0x08000f4d   Thumb Code    16  stm32f10x_rtc.o(i.RTC_GetCounter)
    RTC_GetDate                              0x08000f61   Thumb Code   200  rtc_ctrl.o(i.RTC_GetDate)
    RTC_GetITStatus                          0x08001031   Thumb Code    28  stm32f10x_rtc.o(i.RTC_GetITStatus)
    RTC_IRQHandler                           0x08001051   Thumb Code   116  rtc_ctrl.o(i.RTC_IRQHandler)
    RTC_ITConfig                             0x080010e9   Thumb Code    18  stm32f10x_rtc.o(i.RTC_ITConfig)
    RTC_Init                                 0x08001101   Thumb Code   122  rtc_ctrl.o(i.RTC_Init)
    RTC_NVIC_Configuartion                   0x0800117b   Thumb Code    40  rtc_ctrl.o(i.RTC_NVIC_Configuartion)
    RTC_SetCounter                           0x080011a5   Thumb Code    26  stm32f10x_rtc.o(i.RTC_SetCounter)
    RTC_SetPrescaler                         0x080011c5   Thumb Code    28  stm32f10x_rtc.o(i.RTC_SetPrescaler)
    RTC_SetSec                               0x080011e5   Thumb Code   192  rtc_ctrl.o(i.RTC_SetSec)
    RTC_WaitForLastTask                      0x080012b5   Thumb Code    10  stm32f10x_rtc.o(i.RTC_WaitForLastTask)
    RTC_WaitForSynchro                       0x080012c5   Thumb Code    18  stm32f10x_rtc.o(i.RTC_WaitForSynchro)
    SPI_Cmd                                  0x080012dd   Thumb Code    20  stm32f10x_spi.o(i.SPI_Cmd)
    SPI_I2S_GetFlagStatus                    0x080012f1   Thumb Code    14  stm32f10x_spi.o(i.SPI_I2S_GetFlagStatus)
    SPI_Init                                 0x080012ff   Thumb Code    56  stm32f10x_spi.o(i.SPI_Init)
    SVC_Handler                              0x08001337   Thumb Code     2  stm32f10x_it.o(i.SVC_Handler)
    SysTick_CLKSourceConfig                  0x080013e1   Thumb Code    24  misc.o(i.SysTick_CLKSourceConfig)
    SysTick_Handler                          0x080013f9   Thumb Code     2  stm32f10x_it.o(i.SysTick_Handler)
    SystemInit                               0x080013fd   Thumb Code    64  system_stm32f10x.o(i.SystemInit)
    TIM3_IRQHandler                          0x0800144d   Thumb Code   122  tim3.o(i.TIM3_IRQHandler)
    TIM3_Init                                0x080014d1   Thumb Code    90  tim3.o(i.TIM3_Init)
    TIM_ClearITPendingBit                    0x08001531   Thumb Code     6  stm32f10x_tim.o(i.TIM_ClearITPendingBit)
    TIM_Cmd                                  0x08001537   Thumb Code    20  stm32f10x_tim.o(i.TIM_Cmd)
    TIM_GetITStatus                          0x0800154b   Thumb Code    24  stm32f10x_tim.o(i.TIM_GetITStatus)
    TIM_ITConfig                             0x08001563   Thumb Code    16  stm32f10x_tim.o(i.TIM_ITConfig)
    TIM_TimeBaseInit                         0x08001575   Thumb Code   114  stm32f10x_tim.o(i.TIM_TimeBaseInit)
    USART1_IRQHandler                        0x08001611   Thumb Code   200  usart.o(i.USART1_IRQHandler)
    USART_ClockInit                          0x080016e9   Thumb Code    30  stm32f10x_usart.o(i.USART_ClockInit)
    USART_Cmd                                0x08001707   Thumb Code    20  stm32f10x_usart.o(i.USART_Cmd)
    USART_ITConfig                           0x0800171b   Thumb Code    48  stm32f10x_usart.o(i.USART_ITConfig)
    USART_Init                               0x0800174d   Thumb Code   166  stm32f10x_usart.o(i.USART_Init)
    Uart1_Init                               0x080017f9   Thumb Code   186  usart.o(i.Uart1_Init)
    UsageFault_Handler                       0x080018bd   Thumb Code     2  stm32f10x_it.o(i.UsageFault_Handler)
    _is_digit                                0x080018bf   Thumb Code    14  __printf_wp.o(i._is_digit)
    _sys_exit                                0x080018cd   Thumb Code     4  usart.o(i._sys_exit)
    adc_dma_init                             0x080018d1   Thumb Code   198  adc.o(i.adc_dma_init)
    adc_gpio_init                            0x080019a5   Thumb Code    32  adc.o(i.adc_gpio_init)
    adc_init                                 0x080019c9   Thumb Code    18  adc.o(i.adc_init)
    adc_watchdog_init                        0x080019dd   Thumb Code    76  adc.o(i.adc_watchdog_init)
    delay_init                               0x08001a31   Thumb Code    38  delay.o(i.delay_init)
    delay_ms                                 0x08001a5d   Thumb Code    36  delay.o(i.delay_ms)
    delay_us                                 0x08001a85   Thumb Code    36  delay.o(i.delay_us)
    main                                     0x08001ad3   Thumb Code    80  main.o(i.main)
    BmpDemo_CP                               0x08001b22   Data        1152  oled.o(.constdata)
    asc2_0507                                0x08001fa2   Data         672  oled.o(.constdata)
    asc2_1206                                0x08002242   Data        1152  oled.o(.constdata)
    asc2_1608                                0x080026c2   Data        1520  oled.o(.constdata)
    monthTable                               0x08002cb2   Data          12  rtc_ctrl.o(.constdata)
    Region$$Table$$Base                      0x08002cd0   Number         0  anon$$obj.o(Region$$Table)
    Region$$Table$$Limit                     0x08002cf0   Number         0  anon$$obj.o(Region$$Table)
    Rx0_Ok                                   0x20000008   Data           1  usart.o(.data)
    Rx1_Ok                                   0x20000009   Data           1  usart.o(.data)
    floattobyte                              0x2000000c   Data           4  usart.o(.data)
    font_width                               0x20000024   Data           1  oled.o(.data)
    count_1ms                                0x20000026   Data           1  tim3.o(.data)
    count_2ms                                0x20000027   Data           1  tim3.o(.data)
    count_5ms                                0x20000028   Data           1  tim3.o(.data)
    count_10ms                               0x20000029   Data           1  tim3.o(.data)
    flag_oled                                0x2000002a   Data           1  tim3.o(.data)
    flag_rc_get                              0x2000002b   Data           1  tim3.o(.data)
    flag_rc_cal                              0x2000002c   Data           1  tim3.o(.data)
    flag_rc_send                             0x2000002d   Data           1  tim3.o(.data)
    flag_rc_key                              0x2000002e   Data           1  tim3.o(.data)
    flag_nrf_check                           0x2000002f   Data           1  tim3.o(.data)
    count                                    0x20000030   Data           2  tim3.o(.data)
    count_1000ms                             0x20000032   Data           2  tim3.o(.data)
    adc_RawValue                             0x20000034   Data           2  adc.o(.data)
    adc_awd_isr                              0x20000038   Data           4  adc.o(.data)
    pDate                                    0x2000003c   Data           8  rtc_ctrl.o(.data)
    Rx_Buf                                   0x20000144   Data          64  usart.o(.bss)
    OLED_GRAM                                0x20000184   Data        1024  oled.o(.bss)
    __libspace_start                         0x20000584   Data          96  libspace.o(.bss)
    __temporary_stack_top$libspace           0x200005e4   Data           0  libspace.o(.bss)



==============================================================================

Memory Map of the image

  Image Entry point : 0x080000ed

  Load Region LR_IROM1 (Base: 0x08000000, Size: 0x00002d34, Max: 0x00010000, ABSOLUTE)

    Execution Region ER_IROM1 (Base: 0x08000000, Size: 0x00002cf0, Max: 0x00010000, ABSOLUTE)

    Base Addr    Size         Type   Attr      Idx    E Section Name        Object

    0x08000000   0x000000ec   Data   RO          194    RESET               startup_stm32f10x_md.o
    0x080000ec   0x00000008   Code   RO         2546  * !!!main             c_w.l(__main.o)
    0x080000f4   0x00000034   Code   RO         2731    !!!scatter          c_w.l(__scatter.o)
    0x08000128   0x0000001a   Code   RO         2733    !!handler_copy      c_w.l(__scatter_copy.o)
    0x08000142   0x00000002   PAD
    0x08000144   0x0000001c   Code   RO         2735    !!handler_zi        c_w.l(__scatter_zi.o)
    0x08000160   0x00000000   Code   RO         2543    .ARM.Collect$$_printf_percent$$00000000  c_w.l(_printf_percent.o)
    0x08000160   0x00000006   Code   RO         2542    .ARM.Collect$$_printf_percent$$00000009  c_w.l(_printf_d.o)
    0x08000166   0x00000004   Code   RO         2571    .ARM.Collect$$_printf_percent$$00000017  c_w.l(_printf_percent_end.o)
    0x0800016a   0x00000002   Code   RO         2605    .ARM.Collect$$libinit$$00000000  c_w.l(libinit.o)
    0x0800016c   0x00000000   Code   RO         2612    .ARM.Collect$$libinit$$00000002  c_w.l(libinit2.o)
    0x0800016c   0x00000000   Code   RO         2614    .ARM.Collect$$libinit$$00000004  c_w.l(libinit2.o)
    0x0800016c   0x00000000   Code   RO         2617    .ARM.Collect$$libinit$$0000000A  c_w.l(libinit2.o)
    0x0800016c   0x00000000   Code   RO         2619    .ARM.Collect$$libinit$$0000000C  c_w.l(libinit2.o)
    0x0800016c   0x00000000   Code   RO         2621    .ARM.Collect$$libinit$$0000000E  c_w.l(libinit2.o)
    0x0800016c   0x00000000   Code   RO         2624    .ARM.Collect$$libinit$$00000011  c_w.l(libinit2.o)
    0x0800016c   0x00000000   Code   RO         2626    .ARM.Collect$$libinit$$00000013  c_w.l(libinit2.o)
    0x0800016c   0x00000000   Code   RO         2628    .ARM.Collect$$libinit$$00000015  c_w.l(libinit2.o)
    0x0800016c   0x00000000   Code   RO         2630    .ARM.Collect$$libinit$$00000017  c_w.l(libinit2.o)
    0x0800016c   0x00000000   Code   RO         2632    .ARM.Collect$$libinit$$00000019  c_w.l(libinit2.o)
    0x0800016c   0x00000000   Code   RO         2634    .ARM.Collect$$libinit$$0000001B  c_w.l(libinit2.o)
    0x0800016c   0x00000000   Code   RO         2636    .ARM.Collect$$libinit$$0000001D  c_w.l(libinit2.o)
    0x0800016c   0x00000000   Code   RO         2638    .ARM.Collect$$libinit$$0000001F  c_w.l(libinit2.o)
    0x0800016c   0x00000000   Code   RO         2640    .ARM.Collect$$libinit$$00000021  c_w.l(libinit2.o)
    0x0800016c   0x00000000   Code   RO         2642    .ARM.Collect$$libinit$$00000023  c_w.l(libinit2.o)
    0x0800016c   0x00000000   Code   RO         2644    .ARM.Collect$$libinit$$00000025  c_w.l(libinit2.o)
    0x0800016c   0x00000000   Code   RO         2648    .ARM.Collect$$libinit$$0000002C  c_w.l(libinit2.o)
    0x0800016c   0x00000000   Code   RO         2650    .ARM.Collect$$libinit$$0000002E  c_w.l(libinit2.o)
    0x0800016c   0x00000000   Code   RO         2652    .ARM.Collect$$libinit$$00000030  c_w.l(libinit2.o)
    0x0800016c   0x00000000   Code   RO         2654    .ARM.Collect$$libinit$$00000032  c_w.l(libinit2.o)
    0x0800016c   0x00000002   Code   RO         2655    .ARM.Collect$$libinit$$00000033  c_w.l(libinit2.o)
    0x0800016e   0x00000002   Code   RO         2673    .ARM.Collect$$libshutdown$$00000000  c_w.l(libshutdown.o)
    0x08000170   0x00000000   Code   RO         2683    .ARM.Collect$$libshutdown$$00000002  c_w.l(libshutdown2.o)
    0x08000170   0x00000000   Code   RO         2685    .ARM.Collect$$libshutdown$$00000004  c_w.l(libshutdown2.o)
    0x08000170   0x00000000   Code   RO         2688    .ARM.Collect$$libshutdown$$00000007  c_w.l(libshutdown2.o)
    0x08000170   0x00000000   Code   RO         2691    .ARM.Collect$$libshutdown$$0000000A  c_w.l(libshutdown2.o)
    0x08000170   0x00000000   Code   RO         2693    .ARM.Collect$$libshutdown$$0000000C  c_w.l(libshutdown2.o)
    0x08000170   0x00000000   Code   RO         2696    .ARM.Collect$$libshutdown$$0000000F  c_w.l(libshutdown2.o)
    0x08000170   0x00000002   Code   RO         2697    .ARM.Collect$$libshutdown$$00000010  c_w.l(libshutdown2.o)
    0x08000172   0x00000000   Code   RO         2564    .ARM.Collect$$rtentry$$00000000  c_w.l(__rtentry.o)
    0x08000172   0x00000000   Code   RO         2580    .ARM.Collect$$rtentry$$00000002  c_w.l(__rtentry2.o)
    0x08000172   0x00000006   Code   RO         2592    .ARM.Collect$$rtentry$$00000004  c_w.l(__rtentry4.o)
    0x08000178   0x00000000   Code   RO         2582    .ARM.Collect$$rtentry$$00000009  c_w.l(__rtentry2.o)
    0x08000178   0x00000004   Code   RO         2583    .ARM.Collect$$rtentry$$0000000A  c_w.l(__rtentry2.o)
    0x0800017c   0x00000000   Code   RO         2585    .ARM.Collect$$rtentry$$0000000C  c_w.l(__rtentry2.o)
    0x0800017c   0x00000008   Code   RO         2586    .ARM.Collect$$rtentry$$0000000D  c_w.l(__rtentry2.o)
    0x08000184   0x00000002   Code   RO         2609    .ARM.Collect$$rtexit$$00000000  c_w.l(rtexit.o)
    0x08000186   0x00000000   Code   RO         2657    .ARM.Collect$$rtexit$$00000002  c_w.l(rtexit2.o)
    0x08000186   0x00000004   Code   RO         2658    .ARM.Collect$$rtexit$$00000003  c_w.l(rtexit2.o)
    0x0800018a   0x00000006   Code   RO         2659    .ARM.Collect$$rtexit$$00000004  c_w.l(rtexit2.o)
    0x08000190   0x00000040   Code   RO          195    .text               startup_stm32f10x_md.o
    0x080001d0   0x00000002   Code   RO         2488    .text               c_w.l(use_no_semi_2.o)
    0x080001d2   0x00000002   PAD
    0x080001d4   0x00000028   Code   RO         2492    .text               c_w.l(noretval__2sprintf.o)
    0x080001fc   0x0000004e   Code   RO         2496    .text               c_w.l(_printf_pad.o)
    0x0800024a   0x00000002   PAD
    0x0800024c   0x00000078   Code   RO         2498    .text               c_w.l(_printf_dec.o)
    0x080002c4   0x00000138   Code   RO         2533    .text               c_w.l(__printf_flags_wp.o)
    0x080003fc   0x00000006   Code   RO         2544    .text               c_w.l(heapauxi.o)
    0x08000402   0x00000002   Code   RO         2562    .text               c_w.l(use_no_semi.o)
    0x08000404   0x000000b2   Code   RO         2565    .text               c_w.l(_printf_intcommon.o)
    0x080004b6   0x00000002   PAD
    0x080004b8   0x00000030   Code   RO         2567    .text               c_w.l(_printf_char_common.o)
    0x080004e8   0x0000000a   Code   RO         2569    .text               c_w.l(_sputc.o)
    0x080004f2   0x0000004a   Code   RO         2596    .text               c_w.l(sys_stackheap_outer.o)
    0x0800053c   0x00000012   Code   RO         2598    .text               c_w.l(exit.o)
    0x0800054e   0x00000002   PAD
    0x08000550   0x00000008   Code   RO         2606    .text               c_w.l(libspace.o)
    0x08000558   0x00000034   Code   RO         2268    i.ADC1_2_IRQHandler  adc.o
    0x0800058c   0x00000010   Code   RO         1592    i.ADC_AnalogWatchdogCmd  stm32f10x_adc.o
    0x0800059c   0x0000000c   Code   RO         1593    i.ADC_AnalogWatchdogSingleChannelConfig  stm32f10x_adc.o
    0x080005a8   0x00000006   Code   RO         1594    i.ADC_AnalogWatchdogThresholdsConfig  stm32f10x_adc.o
    0x080005ae   0x00000008   Code   RO         1597    i.ADC_ClearITPendingBit  stm32f10x_adc.o
    0x080005b6   0x00000014   Code   RO         1598    i.ADC_Cmd           stm32f10x_adc.o
    0x080005ca   0x00000014   Code   RO         1599    i.ADC_DMACmd        stm32f10x_adc.o
    0x080005de   0x0000000e   Code   RO         1606    i.ADC_GetCalibrationStatus  stm32f10x_adc.o
    0x080005ec   0x0000001c   Code   RO         1610    i.ADC_GetITStatus   stm32f10x_adc.o
    0x08000608   0x0000000e   Code   RO         1612    i.ADC_GetResetCalibrationStatus  stm32f10x_adc.o
    0x08000616   0x00000012   Code   RO         1615    i.ADC_ITConfig      stm32f10x_adc.o
    0x08000628   0x00000048   Code   RO         1616    i.ADC_Init          stm32f10x_adc.o
    0x08000670   0x00000074   Code   RO         1620    i.ADC_RegularChannelConfig  stm32f10x_adc.o
    0x080006e4   0x0000000a   Code   RO         1621    i.ADC_ResetCalibration  stm32f10x_adc.o
    0x080006ee   0x00000014   Code   RO         1623    i.ADC_SoftwareStartConvCmd  stm32f10x_adc.o
    0x08000702   0x0000000a   Code   RO         1625    i.ADC_StartCalibration  stm32f10x_adc.o
    0x0800070c   0x00000012   Code   RO         1977    i.BKP_DeInit        stm32f10x_bkp.o
    0x0800071e   0x00000002   PAD
    0x08000720   0x00000010   Code   RO         1982    i.BKP_ReadBackupRegister  stm32f10x_bkp.o
    0x08000730   0x00000010   Code   RO         1986    i.BKP_WriteBackupRegister  stm32f10x_bkp.o
    0x08000740   0x00000002   Code   RO           17    i.BusFault_Handler  stm32f10x_it.o
    0x08000742   0x00000016   Code   RO         1816    i.DMA_Cmd           stm32f10x_dma.o
    0x08000758   0x000000e4   Code   RO         1817    i.DMA_DeInit        stm32f10x_dma.o
    0x0800083c   0x0000003a   Code   RO         1822    i.DMA_Init          stm32f10x_dma.o
    0x08000876   0x00000002   Code   RO           18    i.DebugMon_Handler  stm32f10x_it.o
    0x08000878   0x000000a2   Code   RO          427    i.GPIO_Init         stm32f10x_gpio.o
    0x0800091a   0x00000004   Code   RO          434    i.GPIO_ResetBits    stm32f10x_gpio.o
    0x0800091e   0x00000004   Code   RO          435    i.GPIO_SetBits      stm32f10x_gpio.o
    0x08000922   0x00000002   Code   RO           19    i.HardFault_Handler  stm32f10x_it.o
    0x08000924   0x00000002   Code   RO           20    i.MemManage_Handler  stm32f10x_it.o
    0x08000926   0x00000002   Code   RO           21    i.NMI_Handler       stm32f10x_it.o
    0x08000928   0x00000008   Code   RO          240    i.NVIC_Configuration  sys.o
    0x08000930   0x00000064   Code   RO          331    i.NVIC_Init         misc.o
    0x08000994   0x00000014   Code   RO          332    i.NVIC_PriorityGroupConfig  misc.o
    0x080009a8   0x0000002c   Code   RO         2114    i.OLED_Clear        oled.o
    0x080009d4   0x00000048   Code   RO         2117    i.OLED_DrawPoint    oled.o
    0x08000a1c   0x00000034   Code   RO         2118    i.OLED_Fill         oled.o
    0x08000a50   0x000000c0   Code   RO         2119    i.OLED_GPIO_Init    oled.o
    0x08000b10   0x000000c4   Code   RO         2120    i.OLED_Init         oled.o
    0x08000bd4   0x00000034   Code   RO         2121    i.OLED_RefreshGram  oled.o
    0x08000c08   0x00000026   Code   RO         2122    i.OLED_SetPos       oled.o
    0x08000c2e   0x00000002   PAD
    0x08000c30   0x000000a0   Code   RO         2123    i.OLED_ShowChar     oled.o
    0x08000cd0   0x00000030   Code   RO         2126    i.OLED_ShowString   oled.o
    0x08000d00   0x00000034   Code   RO         2127    i.OLED_WriteByte    oled.o
    0x08000d34   0x00000010   Code   RO         2128    i.OLED_WriteCmd     oled.o
    0x08000d44   0x00000010   Code   RO         2129    i.OLED_WriteData    oled.o
    0x08000d54   0x0000000c   Code   RO         2053    i.PWR_BackupAccessCmd  stm32f10x_pwr.o
    0x08000d60   0x00000002   Code   RO           22    i.PendSV_Handler    stm32f10x_it.o
    0x08000d62   0x00000002   PAD
    0x08000d64   0x00000014   Code   RO          535    i.RCC_ADCCLKConfig  stm32f10x_rcc.o
    0x08000d78   0x00000018   Code   RO          536    i.RCC_AHBPeriphClockCmd  stm32f10x_rcc.o
    0x08000d90   0x00000018   Code   RO          537    i.RCC_APB1PeriphClockCmd  stm32f10x_rcc.o
    0x08000da8   0x00000018   Code   RO          539    i.RCC_APB2PeriphClockCmd  stm32f10x_rcc.o
    0x08000dc0   0x0000000c   Code   RO          542    i.RCC_BackupResetCmd  stm32f10x_rcc.o
    0x08000dcc   0x00000010   Code   RO          543    i.RCC_ClearFlag     stm32f10x_rcc.o
    0x08000ddc   0x00000090   Code   RO          547    i.RCC_GetClocksFreq  stm32f10x_rcc.o
    0x08000e6c   0x00000030   Code   RO          548    i.RCC_GetFlagStatus  stm32f10x_rcc.o
    0x08000e9c   0x0000000c   Code   RO          556    i.RCC_LSICmd        stm32f10x_rcc.o
    0x08000ea8   0x0000000c   Code   RO          562    i.RCC_RTCCLKCmd     stm32f10x_rcc.o
    0x08000eb4   0x00000010   Code   RO          563    i.RCC_RTCCLKConfig  stm32f10x_rcc.o
    0x08000ec4   0x00000010   Code   RO         1887    i.RTC_ClearITPendingBit  stm32f10x_rtc.o
    0x08000ed4   0x00000058   Code   RO         2375    i.RTC_Configuration  rtc_ctrl.o
    0x08000f2c   0x00000010   Code   RO         1888    i.RTC_EnterConfigMode  stm32f10x_rtc.o
    0x08000f3c   0x00000010   Code   RO         1889    i.RTC_ExitConfigMode  stm32f10x_rtc.o
    0x08000f4c   0x00000014   Code   RO         1890    i.RTC_GetCounter    stm32f10x_rtc.o
    0x08000f60   0x000000d0   Code   RO         2376    i.RTC_GetDate       rtc_ctrl.o
    0x08001030   0x00000020   Code   RO         1893    i.RTC_GetITStatus   stm32f10x_rtc.o
    0x08001050   0x00000098   Code   RO         2377    i.RTC_IRQHandler    rtc_ctrl.o
    0x080010e8   0x00000018   Code   RO         1894    i.RTC_ITConfig      stm32f10x_rtc.o
    0x08001100   0x0000007a   Code   RO         2378    i.RTC_Init          rtc_ctrl.o
    0x0800117a   0x00000028   Code   RO         2379    i.RTC_NVIC_Configuartion  rtc_ctrl.o
    0x080011a2   0x00000002   PAD
    0x080011a4   0x00000020   Code   RO         1896    i.RTC_SetCounter    stm32f10x_rtc.o
    0x080011c4   0x00000020   Code   RO         1897    i.RTC_SetPrescaler  stm32f10x_rtc.o
    0x080011e4   0x000000d0   Code   RO         2380    i.RTC_SetSec        rtc_ctrl.o
    0x080012b4   0x00000010   Code   RO         1898    i.RTC_WaitForLastTask  stm32f10x_rtc.o
    0x080012c4   0x00000018   Code   RO         1899    i.RTC_WaitForSynchro  stm32f10x_rtc.o
    0x080012dc   0x00000014   Code   RO          740    i.SPI_Cmd           stm32f10x_spi.o
    0x080012f0   0x0000000e   Code   RO          748    i.SPI_I2S_GetFlagStatus  stm32f10x_spi.o
    0x080012fe   0x00000038   Code   RO          753    i.SPI_Init          stm32f10x_spi.o
    0x08001336   0x00000002   Code   RO           23    i.SVC_Handler       stm32f10x_it.o
    0x08001338   0x000000a8   Code   RO          163    i.SetSysClockTo72   system_stm32f10x.o
    0x080013e0   0x00000018   Code   RO          335    i.SysTick_CLKSourceConfig  misc.o
    0x080013f8   0x00000002   Code   RO           24    i.SysTick_Handler   stm32f10x_it.o
    0x080013fa   0x00000002   PAD
    0x080013fc   0x00000050   Code   RO          165    i.SystemInit        system_stm32f10x.o
    0x0800144c   0x00000084   Code   RO         2231    i.TIM3_IRQHandler   tim3.o
    0x080014d0   0x00000060   Code   RO         2232    i.TIM3_Init         tim3.o
    0x08001530   0x00000006   Code   RO          888    i.TIM_ClearITPendingBit  stm32f10x_tim.o
    0x08001536   0x00000014   Code   RO          893    i.TIM_Cmd           stm32f10x_tim.o
    0x0800154a   0x00000018   Code   RO          914    i.TIM_GetITStatus   stm32f10x_tim.o
    0x08001562   0x00000010   Code   RO          918    i.TIM_ITConfig      stm32f10x_tim.o
    0x08001572   0x00000002   PAD
    0x08001574   0x0000009c   Code   RO          964    i.TIM_TimeBaseInit  stm32f10x_tim.o
    0x08001610   0x000000d8   Code   RO          252    i.USART1_IRQHandler  usart.o
    0x080016e8   0x0000001e   Code   RO         1414    i.USART_ClockInit   stm32f10x_usart.o
    0x08001706   0x00000014   Code   RO         1416    i.USART_Cmd         stm32f10x_usart.o
    0x0800171a   0x00000030   Code   RO         1422    i.USART_ITConfig    stm32f10x_usart.o
    0x0800174a   0x00000002   PAD
    0x0800174c   0x000000ac   Code   RO         1423    i.USART_Init        stm32f10x_usart.o
    0x080017f8   0x000000c4   Code   RO          253    i.Uart1_Init        usart.o
    0x080018bc   0x00000002   Code   RO           25    i.UsageFault_Handler  stm32f10x_it.o
    0x080018be   0x0000000e   Code   RO         2531    i._is_digit         c_w.l(__printf_wp.o)
    0x080018cc   0x00000004   Code   RO          259    i._sys_exit         usart.o
    0x080018d0   0x000000d4   Code   RO         2269    i.adc_dma_init      adc.o
    0x080019a4   0x00000024   Code   RO         2270    i.adc_gpio_init     adc.o
    0x080019c8   0x00000012   Code   RO         2271    i.adc_init          adc.o
    0x080019da   0x00000002   PAD
    0x080019dc   0x00000054   Code   RO         2272    i.adc_watchdog_init  adc.o
    0x08001a30   0x0000002c   Code   RO          211    i.delay_init        delay.o
    0x08001a5c   0x00000028   Code   RO          212    i.delay_ms          delay.o
    0x08001a84   0x00000028   Code   RO          213    i.delay_us          delay.o
    0x08001aac   0x00000026   Code   RO         2381    i.isLeapYear        rtc_ctrl.o
    0x08001ad2   0x00000050   Code   RO         2429    i.main              main.o
    0x08001b22   0x00001190   Data   RO         2131    .constdata          oled.o
    0x08002cb2   0x0000000c   Data   RO         2382    .constdata          rtc_ctrl.o
    0x08002cbe   0x00000011   Data   RO         2534    .constdata          c_w.l(__printf_flags_wp.o)
    0x08002ccf   0x00000001   PAD
    0x08002cd0   0x00000020   Data   RO         2729    Region$$Table       anon$$obj.o


    Execution Region RW_IRAM1 (Base: 0x20000000, Size: 0x00000be8, Max: 0x00005000, ABSOLUTE)

    Base Addr    Size         Type   Attr      Idx    E Section Name        Object

    0x20000000   0x00000004   Data   RW          214    .data               delay.o
    0x20000004   0x0000000c   Data   RW          262    .data               usart.o
    0x20000010   0x00000014   Data   RW          567    .data               stm32f10x_rcc.o
    0x20000024   0x00000001   Data   RW         2132    .data               oled.o
    0x20000025   0x00000001   PAD
    0x20000026   0x0000000e   Data   RW         2233    .data               tim3.o
    0x20000034   0x00000008   Data   RW         2274    .data               adc.o
    0x2000003c   0x00000008   Data   RW         2383    .data               rtc_ctrl.o
    0x20000044   0x00000140   Zero   RW          261    .bss                usart.o
    0x20000184   0x00000400   Zero   RW         2130    .bss                oled.o
    0x20000584   0x00000060   Zero   RW         2607    .bss                c_w.l(libspace.o)
    0x200005e4   0x00000004   PAD
    0x200005e8   0x00000200   Zero   RW          193    HEAP                startup_stm32f10x_md.o
    0x200007e8   0x00000400   Zero   RW          192    STACK               startup_stm32f10x_md.o


==============================================================================

Image component sizes


      Code (inc. data)   RO Data    RW Data    ZI Data      Debug   Object Name

       402         34          0          8          0     234541   adc.o
         0          0          0          0          0       4540   core_cm3.o
       124         14          0          4          0       1655   delay.o
        80          0          0          0          0        475   main.o
       144         16          0          0          0       1949   misc.o
       938         56       4496          1       1024       8374   oled.o
       856         60         12          8          0       5327   rtc_ctrl.o
        64         26        236          0       1536        804   startup_stm32f10x_md.o
       384         14          0          0          0      10827   stm32f10x_adc.o
        50          8          0          0          0       2564   stm32f10x_bkp.o
       308         10          0          0          0       3498   stm32f10x_dma.o
       170          0          0          0          0       2840   stm32f10x_gpio.o
        18          0          0          0          0     276434   stm32f10x_it.o
        12          6          0          0          0        486   stm32f10x_pwr.o
       352         72          0         20          0       8474   stm32f10x_rcc.o
       228         50          0          0          0       5386   stm32f10x_rtc.o
        90          0          0          0          0       2697   stm32f10x_spi.o
       222         42          0          0          0       4325   stm32f10x_tim.o
       270          6          0          0          0       4180   stm32f10x_usart.o
         8          0          0          0          0        405   sys.o
       248         24          0          0          0       1537   system_stm32f10x.o
       228         16          0         14          0       1950   tim3.o
       416         26          0         12        320       4464   usart.o

    ----------------------------------------------------------------------
      5628        480       4776         68       2880     587732   Object Totals
         0          0         32          0          0          0   (incl. Generated)
        16          0          0          1          0          0   (incl. Padding)

    ----------------------------------------------------------------------

      Code (inc. data)   RO Data    RW Data    ZI Data      Debug   Library Member Name

         8          0          0          0          0         68   __main.o
       312          4         17          0          0         92   __printf_flags_wp.o
        14          0          0          0          0         68   __printf_wp.o
         0          0          0          0          0          0   __rtentry.o
        12          0          0          0          0          0   __rtentry2.o
         6          0          0          0          0          0   __rtentry4.o
        52          8          0          0          0          0   __scatter.o
        26          0          0          0          0          0   __scatter_copy.o
        28          0          0          0          0          0   __scatter_zi.o
        48          6          0          0          0         96   _printf_char_common.o
         6          0          0          0          0          0   _printf_d.o
       120         16          0          0          0         92   _printf_dec.o
       178          0          0          0          0         88   _printf_intcommon.o
        78          0          0          0          0        108   _printf_pad.o
         0          0          0          0          0          0   _printf_percent.o
         4          0          0          0          0          0   _printf_percent_end.o
        10          0          0          0          0         68   _sputc.o
        18          0          0          0          0         80   exit.o
         6          0          0          0          0        152   heapauxi.o
         2          0          0          0          0          0   libinit.o
         2          0          0          0          0          0   libinit2.o
         2          0          0          0          0          0   libshutdown.o
         2          0          0          0          0          0   libshutdown2.o
         8          4          0          0         96         68   libspace.o
        40          6          0          0          0         84   noretval__2sprintf.o
         2          0          0          0          0          0   rtexit.o
        10          0          0          0          0          0   rtexit2.o
        74          0          0          0          0         80   sys_stackheap_outer.o
         2          0          0          0          0         68   use_no_semi.o
         2          0          0          0          0         68   use_no_semi_2.o

    ----------------------------------------------------------------------
      1082         44         18          0        100       1280   Library Totals
        10          0          1          0          4          0   (incl. Padding)

    ----------------------------------------------------------------------

      Code (inc. data)   RO Data    RW Data    ZI Data      Debug   Library Name

      1072         44         17          0         96       1280   c_w.l

    ----------------------------------------------------------------------
      1082         44         18          0        100       1280   Library Totals

    ----------------------------------------------------------------------

==============================================================================


      Code (inc. data)   RO Data    RW Data    ZI Data      Debug   

      6710        524       4794         68       2980     583288   Grand Totals
      6710        524       4794         68       2980     583288   ELF Image Totals
      6710        524       4794         68          0          0   ROM Totals

==============================================================================

    Total RO  Size (Code + RO Data)                11504 (  11.23kB)
    Total RW  Size (RW Data + ZI Data)              3048 (   2.98kB)
    Total ROM Size (Code + RO Data + RW Data)      11572 (  11.30kB)

==============================================================================

